<html>
<body>
<pre>
<h1>µVision Build Log</h1>
<h2>Tool Versions:</h2>
IDE-Version: ¦ÌVision V5.14.0.0
Copyright (C) 2015 ARM Ltd and ARM Germany GmbH. All rights reserved.
License Information: zi yindong, none, LIC=LJWQD-83F2C-NTK3G-V1PYZ-3ITF9-0D5GA
 
Tool Versions:
Toolchain:       MDK-ARM Professional  Version: 5.14.0.0
Toolchain Path:  D:\keil5\keil5\ARM\ARMCC\Bin
C Compiler:      Armcc.exe V5.05 update 1 (build 106)
Assembler:       Armasm.exe V5.05 update 1 (build 106)
Linker/Locator:  ArmLink.exe V5.05 update 1 (build 106)
Library Manager: ArmAr.exe V5.05 update 1 (build 106)
Hex Converter:   FromElf.exe V5.05 update 1 (build 106)
CPU DLL:         SARMCM3.DLL V5.14.0.0
Dialog DLL:      DCM.DLL V1.13.1.0
Target DLL:      Segger\JL2CM3.dll V2.99.13.0
Dialog DLL:      TCM.DLL V1.14.4.0
 
<h2>Project:</h2>
C:\Users\dell\Desktop\ele_shot_2\PWM_EXPLOER_Freertos\USER\PWM.uvprojx
Project File Date:  08/10/2019

<h2>Output:</h2>
Build target 'template_freertos'
compiling pwm.c...
..\HARDWARE\shot.h(11): warning:  #1-D: last line of file ends without a newline
  #endif 
..\HARDWARE\PWM\pwm.c: 1 warning, 0 errors
linking...
Program Size: Code=42934 RO-data=2954 RW-data=1032 ZI-data=79096  
FromELF: creating hex file...
"..\OBJ\template_freertos.axf" - 0 Error(s), 1 Warning(s).

<h2>Collection of Component include folders:</h2>
  C:\Users\dell\Desktop\ele_shot_2\PWM_EXPLOER_Freertos\USER\RTE
  D:\keil5\keil5\ARM\PACK\Keil\STM32F4xx_DFP\1.0.8\Device\Include

<h2>Collection of Component Files used:</h2>
</pre>
</body>
</html>
