Component: ARM Compiler 5.05 update 1 (build 106) Tool: armlink [4d0efa]

==============================================================================

Section Cross References

    main.o(.text) refers to misc.o(.text) for NVIC_PriorityGroupConfig
    main.o(.text) refers to delay.o(.text) for delay_init
    main.o(.text) refers to usart.o(.text) for uart_init
    main.o(.text) refers to pixy.o(.text) for USAR4_Init
    main.o(.text) refers to dma_user.o(.text) for MYDMA_Config
    main.o(.text) refers to led.o(.text) for LED_Init
    main.o(.text) refers to pwm.o(.text) for TIM4_PWM_Init
    main.o(.text) refers to myadc.o(.text) for ADCx_Init
    main.o(.text) refers to trasonic.o(.text) for TIM9_CH1_Input_Init
    main.o(.text) refers to gpio.o(.text) for control_gpio_init
    main.o(.text) refers to oled.o(.text) for OLED_Init
    main.o(.text) refers to pid.o(.text) for pid_parameter_init
    main.o(.text) refers to tasks.o(.text) for xTaskCreate
    main.o(.text) refers to task_debug.o(.bss) for buf_send_float
    main.o(.text) refers to led_task.o(.data) for LED0Task_Handler
    main.o(.text) refers to led_task.o(.text) for led0_task
    main.o(.text) refers to machine.o(.data) for MACHINETask_Handler
    main.o(.text) refers to machine.o(.text) for machine_task
    main.o(.text) refers to task_debug.o(.data) for DEGUGTask_Handler
    main.o(.text) refers to task_debug.o(.text) for debug_task
    system_stm32f4xx.o(.text) refers to system_stm32f4xx.o(.data) for SystemCoreClock
    led.o(.text) refers to stm32f4xx_rcc.o(.text) for RCC_AHB1PeriphClockCmd
    led.o(.text) refers to stm32f4xx_gpio.o(.text) for GPIO_Init
    pwm.o(.text) refers to stm32f4xx_rcc.o(.text) for RCC_APB1PeriphClockCmd
    pwm.o(.text) refers to stm32f4xx_gpio.o(.text) for GPIO_PinAFConfig
    pwm.o(.text) refers to stm32f4xx_tim.o(.text) for TIM_TimeBaseInit
    pwm.o(.text) refers to misc.o(.text) for NVIC_Init
    pwm.o(.text) refers to pwm.o(.data) for TIM3_CNT
    pwm.o(.text) refers to shot.o(.data) for charge_flag
    gpio.o(.text) refers to stm32f4xx_rcc.o(.text) for RCC_AHB1PeriphClockCmd
    gpio.o(.text) refers to stm32f4xx_gpio.o(.text) for GPIO_Init
    pid.o(.text) refers to f2d.o(x$fpl$f2d) for __aeabi_f2d
    pid.o(.text) refers to dmul.o(x$fpl$dmul) for __aeabi_dmul
    pid.o(.text) refers to dleqf.o(x$fpl$dleqf) for __aeabi_cdcmple
    pid.o(.text) refers to d2f.o(x$fpl$d2f) for __aeabi_d2f
    pid.o(.text) refers to pid.o(.bss) for gimbal_pid
    oled.o(.text) refers to stm32f4xx_gpio.o(.text) for GPIO_SetBits
    oled.o(.text) refers to stm32f4xx_rcc.o(.text) for RCC_AHB1PeriphClockCmd
    oled.o(.text) refers to delay.o(.text) for delay_ms
    oled.o(.text) refers to oled.o(.constdata) for F8X16
    oled.o(.text) refers to oled.o(.data) for Hzk
    dma_user.o(.text) refers to stm32f4xx_rcc.o(.text) for RCC_AHB1PeriphClockCmd
    dma_user.o(.text) refers to stm32f4xx_dma.o(.text) for DMA_DeInit
    dma_user.o(.text) refers to misc.o(.text) for NVIC_Init
    trasonic.o(.text) refers to stm32f4xx_rcc.o(.text) for RCC_AHB1PeriphClockCmd
    trasonic.o(.text) refers to stm32f4xx_gpio.o(.text) for GPIO_PinAFConfig
    trasonic.o(.text) refers to stm32f4xx_tim.o(.text) for TIM_TimeBaseInit
    trasonic.o(.text) refers to misc.o(.text) for NVIC_Init
    trasonic.o(.text) refers to delay.o(.text) for delay_us
    trasonic.o(.text) refers to trasonic.o(.data) for TIM9_CH1_CAPTURE_STA
    pixy.o(.text) refers to stm32f4xx_rcc.o(.text) for RCC_AHB1PeriphClockCmd
    pixy.o(.text) refers to stm32f4xx_gpio.o(.text) for GPIO_PinAFConfig
    pixy.o(.text) refers to stm32f4xx_usart.o(.text) for USART_Init
    pixy.o(.text) refers to misc.o(.text) for NVIC_Init
    pixy.o(.text) refers to tasks.o(.text) for vTaskDelay
    pixy.o(.text) refers to pixy.o(.data) for x_data
    pixy.o(.text) refers to pixy.o(.bss) for Raw_Data
    myadc.o(.text) refers to stm32f4xx_rcc.o(.text) for RCC_AHB1PeriphClockCmd
    myadc.o(.text) refers to stm32f4xx_gpio.o(.text) for GPIO_Init
    myadc.o(.text) refers to stm32f4xx_adc.o(.text) for ADC_CommonInit
    shot.o(.text) refers to delay.o(.text) for delay_us
    shot.o(.text) refers to stm32f4xx_tim.o(.text) for TIM_Cmd
    shot.o(.text) refers to tasks.o(.text) for vTaskDelay
    shot.o(.text) refers to shot.o(.data) for charge_flag
    delay.o(.text) refers to tasks.o(.text) for xTaskGetSchedulerState
    delay.o(.text) refers to port.o(.text) for xPortSysTickHandler
    delay.o(.text) refers to misc.o(.text) for SysTick_CLKSourceConfig
    delay.o(.text) refers to delay.o(.data) for fac_us
    usart.o(.rev16_text) refers (Special) to use_no_semi_2.o(.text) for __use_no_semihosting
    usart.o(.revsh_text) refers (Special) to use_no_semi_2.o(.text) for __use_no_semihosting
    usart.o(.text) refers (Special) to use_no_semi_2.o(.text) for __use_no_semihosting
    usart.o(.text) refers to stm32f4xx_rcc.o(.text) for RCC_AHB1PeriphClockCmd
[...]
    OLED_Set_Pos                             0x08000b29   Thumb Code    46  oled.o(.text)
    OLED_Display_On                          0x08000b57   Thumb Code    28  oled.o(.text)
    OLED_Display_Off                         0x08000b73   Thumb Code    28  oled.o(.text)
    OLED_Clear                               0x08000b8f   Thumb Code    64  oled.o(.text)
    OLED_ShowChar                            0x08000bcf   Thumb Code   106  oled.o(.text)
    oled_pow                                 0x08000c39   Thumb Code    22  oled.o(.text)
    OLED_ShowNum                             0x08000c4f   Thumb Code   132  oled.o(.text)
    OLED_ShowString                          0x08000cd3   Thumb Code    54  oled.o(.text)
    OLED_ShowCHinese                         0x08000d09   Thumb Code    98  oled.o(.text)
    OLED_DrawBMP                             0x08000d6b   Thumb Code   118  oled.o(.text)
    OLED_Init                                0x08000de1   Thumb Code   350  oled.o(.text)
    MYDMA_Config                             0x08000f41   Thumb Code   166  dma_user.o(.text)
    MYDMA_Enable                             0x08000fe7   Thumb Code    44  dma_user.o(.text)
    DMA2_Stream7_IRQHandler                  0x08001013   Thumb Code    28  dma_user.o(.text)
    TIM9_CH1_Input_Init                      0x08001039   Thumb Code   214  trasonic.o(.text)
    TIM1_BRK_TIM9_IRQHandler                 0x0800110f   Thumb Code   194  trasonic.o(.text)
    shot_one_pluse                           0x080011d1   Thumb Code   104  trasonic.o(.text)
    USAR4_Init                               0x08001259   Thumb Code   170  pixy.o(.text)
    UART4_IRQHandler                         0x08001303   Thumb Code   590  pixy.o(.text)
    get_image_ave_angle                      0x08001551   Thumb Code    64  pixy.o(.text)
    ADCx_Init                                0x080015d5   Thumb Code   106  myadc.o(.text)
    Get_ADC_Value                            0x0800163f   Thumb Code    72  myadc.o(.text)
    get_angle                                0x08001687   Thumb Code    60  myadc.o(.text)
    charge                                   0x080016d5   Thumb Code    48  shot.o(.text)
    wait_for_shot                            0x08001705   Thumb Code    40  shot.o(.text)
    delay_osschedlock                        0x0800173d   Thumb Code     2  delay.o(.text)
    delay_osschedunlock                      0x0800173f   Thumb Code     2  delay.o(.text)
    delay_ostimedly                          0x08001741   Thumb Code     2  delay.o(.text)
    SysTick_Handler                          0x08001743   Thumb Code    16  delay.o(.text)
    delay_init                               0x08001753   Thumb Code    58  delay.o(.text)
    delay_us                                 0x0800178d   Thumb Code    68  delay.o(.text)
    delay_ms                                 0x080017d1   Thumb Code    62  delay.o(.text)
    _sys_exit                                0x08001819   Thumb Code     6  usart.o(.text)
    fputc                                    0x0800181f   Thumb Code    22  usart.o(.text)
    uart_init                                0x08001835   Thumb Code   186  usart.o(.text)
    USART1_IRQHandler                        0x080018ef   Thumb Code    36  usart.o(.text)
    USART2_Init                              0x08001913   Thumb Code   170  usart.o(.text)
    USART2_IRQHandler                        0x080019bd   Thumb Code  1114  usart.o(.text)
    USART3_Init                              0x08001e17   Thumb Code   174  usart.o(.text)
    mpu_data_decoder                         0x08001ec5   Thumb Code   694  usart.o(.text)
    USART3_IRQHandler                        0x0800217b   Thumb Code    76  usart.o(.text)
    Reset_Handler                            0x080021e5   Thumb Code     8  startup_stm32f40_41xxx.o(.text)
    ADC_IRQHandler                           0x080021ff   Thumb Code     0  startup_stm32f40_41xxx.o(.text)
    CAN1_RX0_IRQHandler                      0x080021ff   Thumb Code     0  startup_stm32f40_41xxx.o(.text)
    CAN1_RX1_IRQHandler                      0x080021ff   Thumb Code     0  startup_stm32f40_41xxx.o(.text)
    CAN1_SCE_IRQHandler                      0x080021ff   Thumb Code     0  startup_stm32f40_41xxx.o(.text)
    CAN1_TX_IRQHandler                       0x080021ff   Thumb Code     0  startup_stm32f40_41xxx.o(.text)
    CAN2_RX0_IRQHandler                      0x080021ff   Thumb Code     0  startup_stm32f40_41xxx.o(.text)
    CAN2_RX1_IRQHandler                      0x080021ff   Thumb Code     0  startup_stm32f40_41xxx.o(.text)
    CAN2_SCE_IRQHandler                      0x080021ff   Thumb Code     0  startup_stm32f40_41xxx.o(.text)
    CAN2_TX_IRQHandler                       0x080021ff   Thumb Code     0  startup_stm32f40_41xxx.o(.text)
    CRYP_IRQHandler                          0x080021ff   Thumb Code     0  startup_stm32f40_41xxx.o(.text)
    DCMI_IRQHandler                          0x080021ff   Thumb Code     0  startup_stm32f40_41xxx.o(.text)
    DMA1_Stream0_IRQHandler                  0x080021ff   Thumb Code     0  startup_stm32f40_41xxx.o(.text)
    DMA1_Stream1_IRQHandler                  0x080021ff   Thumb Code     0  startup_stm32f40_41xxx.o(.text)
    DMA1_Stream2_IRQHandler                  0x080021ff   Thumb Code     0  startup_stm32f40_41xxx.o(.text)
    DMA1_Stream3_IRQHandler                  0x080021ff   Thumb Code     0  startup_stm32f40_41xxx.o(.text)
    DMA1_Stream4_IRQHandler                  0x080021ff   Thumb Code     0  startup_stm32f40_41xxx.o(.text)
    DMA1_Stream5_IRQHandler                  0x080021ff   Thumb Code     0  startup_stm32f40_41xxx.o(.text)
    DMA1_Stream6_IRQHandler                  0x080021ff   Thumb Code     0  startup_stm32f40_41xxx.o(.text)
    DMA1_Stream7_IRQHandler                  0x080021ff   Thumb Code     0  startup_stm32f40_41xxx.o(.text)
    DMA2_Stream0_IRQHandler                  0x080021ff   Thumb Code     0  startup_stm32f40_41xxx.o(.text)
    DMA2_Stream1_IRQHandler                  0x080021ff   Thumb Code     0  startup_stm32f40_41xxx.o(.text)
    DMA2_Stream2_IRQHandler                  0x080021ff   Thumb Code     0  startup_stm32f40_41xxx.o(.text)
    DMA2_Stream3_IRQHandler                  0x080021ff   Thumb Code     0  startup_stm32f40_41xxx.o(.text)
    DMA2_Stream4_IRQHandler                  0x080021ff   Thumb Code     0  startup_stm32f40_41xxx.o(.text)
    DMA2_Stream5_IRQHandler                  0x080021ff   Thumb Code     0  startup_stm32f40_41xxx.o(.text)
    DMA2_Stream6_IRQHandler                  0x080021ff   Thumb Code     0  startup_stm32f40_41xxx.o(.text)
    ETH_IRQHandler                           0x080021ff   Thumb Code     0  startup_stm32f40_41xxx.o(.text)
    ETH_WKUP_IRQHandler                      0x080021ff   Thumb Code     0  startup_stm32f40_41xxx.o(.text)
    EXTI0_IRQHandler                         0x080021ff   Thumb Code     0  startup_stm32f40_41xxx.o(.text)
    EXTI15_10_IRQHandler                     0x080021ff   Thumb Code     0  startup_stm32f40_41xxx.o(.text)
    EXTI1_IRQHandler                         0x080021ff   Thumb Code     0  startup_stm32f40_41xxx.o(.text)
    EXTI2_IRQHandler                         0x080021ff   Thumb Code     0  startup_stm32f40_41xxx.o(.text)
    EXTI3_IRQHandler                         0x080021ff   Thumb Code     0  startup_stm32f40_41xxx.o(.text)
    EXTI4_IRQHandler                         0x080021ff   Thumb Code     0  startup_stm32f40_41xxx.o(.text)
    EXTI9_5_IRQHandler                       0x080021ff   Thumb Code     0  startup_stm32f40_41xxx.o(.text)
    FLASH_IRQHandler                         0x080021ff   Thumb Code     0  startup_stm32f40_41xxx.o(.text)
    FPU_IRQHandler                           0x080021ff   Thumb Code     0  startup_stm32f40_41xxx.o(.text)
    FSMC_IRQHandler                          0x080021ff   Thumb Code     0  startup_stm32f40_41xxx.o(.text)
    HASH_RNG_IRQHandler                      0x080021ff   Thumb Code     0  startup_stm32f40_41xxx.o(.text)
    I2C1_ER_IRQHandler                       0x080021ff   Thumb Code     0  startup_stm32f40_41xxx.o(.text)
    I2C1_EV_IRQHandler                       0x080021ff   Thumb Code     0  startup_stm32f40_41xxx.o(.text)
    I2C2_ER_IRQHandler                       0x080021ff   Thumb Code     0  startup_stm32f40_41xxx.o(.text)
    I2C2_EV_IRQHandler                       0x080021ff   Thumb Code     0  startup_stm32f40_41xxx.o(.text)
    I2C3_ER_IRQHandler                       0x080021ff   Thumb Code     0  startup_stm32f40_41xxx.o(.text)
    I2C3_EV_IRQHandler                       0x080021ff   Thumb Code     0  startup_stm32f40_41xxx.o(.text)
    OTG_FS_IRQHandler                        0x080021ff   Thumb Code     0  startup_stm32f40_41xxx.o(.text)
    OTG_FS_WKUP_IRQHandler                   0x080021ff   Thumb Code     0  startup_stm32f40_41xxx.o(.text)
    OTG_HS_EP1_IN_IRQHandler                 0x080021ff   Thumb Code     0  startup_stm32f40_41xxx.o(.text)
    OTG_HS_EP1_OUT_IRQHandler                0x080021ff   Thumb Code     0  startup_stm32f40_41xxx.o(.text)
    OTG_HS_IRQHandler                        0x080021ff   Thumb Code     0  startup_stm32f40_41xxx.o(.text)
    OTG_HS_WKUP_IRQHandler                   0x080021ff   Thumb Code     0  startup_stm32f40_41xxx.o(.text)
    PVD_IRQHandler                           0x080021ff   Thumb Code     0  startup_stm32f40_41xxx.o(.text)
    RCC_IRQHandler                           0x080021ff   Thumb Code     0  startup_stm32f40_41xxx.o(.text)
    RTC_Alarm_IRQHandler                     0x080021ff   Thumb Code     0  startup_stm32f40_41xxx.o(.text)
    RTC_WKUP_IRQHandler                      0x080021ff   Thumb Code     0  startup_stm32f40_41xxx.o(.text)
    SDIO_IRQHandler                          0x080021ff   Thumb Code     0  startup_stm32f40_41xxx.o(.text)
    SPI1_IRQHandler                          0x080021ff   Thumb Code     0  startup_stm32f40_41xxx.o(.text)
    SPI2_IRQHandler                          0x080021ff   Thumb Code     0  startup_stm32f40_41xxx.o(.text)
    SPI3_IRQHandler                          0x080021ff   Thumb Code     0  startup_stm32f40_41xxx.o(.text)
    TAMP_STAMP_IRQHandler                    0x080021ff   Thumb Code     0  startup_stm32f40_41xxx.o(.text)
    TIM1_CC_IRQHandler                       0x080021ff   Thumb Code     0  startup_stm32f40_41xxx.o(.text)
    TIM1_TRG_COM_TIM11_IRQHandler            0x080021ff   Thumb Code     0  startup_stm32f40_41xxx.o(.text)
    TIM1_UP_TIM10_IRQHandler                 0x080021ff   Thumb Code     0  startup_stm32f40_41xxx.o(.text)
    TIM2_IRQHandler                          0x080021ff   Thumb Code     0  startup_stm32f40_41xxx.o(.text)
    TIM4_IRQHandler                          0x080021ff   Thumb Code     0  startup_stm32f40_41xxx.o(.text)
    TIM5_IRQHandler                          0x080021ff   Thumb Code     0  startup_stm32f40_41xxx.o(.text)
    TIM6_DAC_IRQHandler                      0x080021ff   Thumb Code     0  startup_stm32f40_41xxx.o(.text)
    TIM7_IRQHandler                          0x080021ff   Thumb Code     0  startup_stm32f40_41xxx.o(.text)
    TIM8_BRK_TIM12_IRQHandler                0x080021ff   Thumb Code     0  startup_stm32f40_41xxx.o(.text)
    TIM8_CC_IRQHandler                       0x080021ff   Thumb Code     0  startup_stm32f40_41xxx.o(.text)
    TIM8_TRG_COM_TIM14_IRQHandler            0x080021ff   Thumb Code     0  startup_stm32f40_41xxx.o(.text)
    TIM8_UP_TIM13_IRQHandler                 0x080021ff   Thumb Code     0  startup_stm32f40_41xxx.o(.text)
    UART5_IRQHandler                         0x080021ff   Thumb Code     0  startup_stm32f40_41xxx.o(.text)
    USART6_IRQHandler                        0x080021ff   Thumb Code     0  startup_stm32f40_41xxx.o(.text)
    WWDG_IRQHandler                          0x080021ff   Thumb Code     0  startup_stm32f40_41xxx.o(.text)
    __user_initial_stackheap                 0x08002201   Thumb Code     0  startup_stm32f40_41xxx.o(.text)
    NVIC_PriorityGroupConfig                 0x08002225   Thumb Code    10  misc.o(.text)
    NVIC_Init                                0x0800222f   Thumb Code   106  misc.o(.text)
    NVIC_SetVectorTable                      0x08002299   Thumb Code    14  misc.o(.text)
    NVIC_SystemLPConfig                      0x080022a7   Thumb Code    34  misc.o(.text)
    SysTick_CLKSourceConfig                  0x080022c9   Thumb Code    40  misc.o(.text)
    GPIO_DeInit                              0x08002305   Thumb Code   268  stm32f4xx_gpio.o(.text)
    GPIO_Init                                0x08002411   Thumb Code   144  stm32f4xx_gpio.o(.text)
    GPIO_StructInit                          0x080024a1   Thumb Code    18  stm32f4xx_gpio.o(.text)
    GPIO_PinLockConfig                       0x080024b3   Thumb Code    34  stm32f4xx_gpio.o(.text)
    GPIO_ReadInputDataBit                    0x080024d5   Thumb Code    18  stm32f4xx_gpio.o(.text)
    GPIO_ReadInputData                       0x080024e7   Thumb Code     8  stm32f4xx_gpio.o(.text)
    GPIO_ReadOutputDataBit                   0x080024ef   Thumb Code    18  stm32f4xx_gpio.o(.text)
    GPIO_ReadOutputData                      0x08002501   Thumb Code     8  stm32f4xx_gpio.o(.text)
    GPIO_SetBits                             0x08002509   Thumb Code     4  stm32f4xx_gpio.o(.text)
    GPIO_ResetBits                           0x0800250d   Thumb Code     4  stm32f4xx_gpio.o(.text)
    GPIO_WriteBit                            0x08002511   Thumb Code    10  stm32f4xx_gpio.o(.text)
    GPIO_Write                               0x0800251b   Thumb Code     4  stm32f4xx_gpio.o(.text)
    GPIO_ToggleBits                          0x0800251f   Thumb Code     8  stm32f4xx_gpio.o(.text)
    GPIO_PinAFConfig                         0x08002527   Thumb Code    70  stm32f4xx_gpio.o(.text)
    USART_DeInit                             0x08002599   Thumb Code   206  stm32f4xx_usart.o(.text)
    USART_Init                               0x08002667   Thumb Code   204  stm32f4xx_usart.o(.text)
    USART_StructInit                         0x08002733   Thumb Code    24  stm32f4xx_usart.o(.text)
    USART_ClockInit                          0x0800274b   Thumb Code    32  stm32f4xx_usart.o(.text)
    USART_ClockStructInit                    0x0800276b   Thumb Code    12  stm32f4xx_usart.o(.text)
    USART_Cmd                                0x08002777   Thumb Code    24  stm32f4xx_usart.o(.text)
    USART_SetPrescaler                       0x0800278f   Thumb Code    16  stm32f4xx_usart.o(.text)
    USART_OverSampling8Cmd                   0x0800279f   Thumb Code    22  stm32f4xx_usart.o(.text)
    USART_OneBitMethodCmd                    0x080027b5   Thumb Code    24  stm32f4xx_usart.o(.text)
    USART_SendData                           0x080027cd   Thumb Code     8  stm32f4xx_usart.o(.text)
    USART_ReceiveData                        0x080027d5   Thumb Code    10  stm32f4xx_usart.o(.text)
    USART_SetAddress                         0x080027df   Thumb Code    18  stm32f4xx_usart.o(.text)
    USART_ReceiverWakeUpCmd                  0x080027f1   Thumb Code    24  stm32f4xx_usart.o(.text)
    USART_WakeUpConfig                       0x08002809   Thumb Code    18  stm32f4xx_usart.o(.text)
    USART_LINBreakDetectLengthConfig         0x0800281b   Thumb Code    18  stm32f4xx_usart.o(.text)
    USART_LINCmd                             0x0800282d   Thumb Code    24  stm32f4xx_usart.o(.text)
    USART_SendBreak                          0x08002845   Thumb Code    10  stm32f4xx_usart.o(.text)
    USART_HalfDuplexCmd                      0x0800284f   Thumb Code    24  stm32f4xx_usart.o(.text)
    USART_SetGuardTime                       0x08002867   Thumb Code    16  stm32f4xx_usart.o(.text)
    USART_SmartCardCmd                       0x08002877   Thumb Code    24  stm32f4xx_usart.o(.text)
    USART_SmartCardNACKCmd                   0x0800288f   Thumb Code    24  stm32f4xx_usart.o(.text)
    USART_IrDAConfig                         0x080028a7   Thumb Code    18  stm32f4xx_usart.o(.text)
    USART_IrDACmd                            0x080028b9   Thumb Code    24  stm32f4xx_usart.o(.text)
    USART_DMACmd                             0x080028d1   Thumb Code    18  stm32f4xx_usart.o(.text)
    USART_ITConfig                           0x080028e3   Thumb Code    74  stm32f4xx_usart.o(.text)
    USART_GetFlagStatus                      0x0800292d   Thumb Code    26  stm32f4xx_usart.o(.text)
    USART_ClearFlag                          0x08002947   Thumb Code    18  stm32f4xx_usart.o(.text)
    USART_GetITStatus                        0x08002959   Thumb Code   118  stm32f4xx_usart.o(.text)
    USART_ClearITPendingBit                  0x080029cf   Thumb Code    30  stm32f4xx_usart.o(.text)
    TIM_DeInit                               0x080029ed   Thumb Code   346  stm32f4xx_tim.o(.text)
    TIM_TimeBaseInit                         0x08002b47   Thumb Code   104  stm32f4xx_tim.o(.text)
    TIM_TimeBaseStructInit                   0x08002baf   Thumb Code    18  stm32f4xx_tim.o(.text)
    TIM_PrescalerConfig                      0x08002bc1   Thumb Code     6  stm32f4xx_tim.o(.text)
    TIM_CounterModeConfig                    0x08002bc7   Thumb Code    18  stm32f4xx_tim.o(.text)
    TIM_SetCounter                           0x08002bd9   Thumb Code     4  stm32f4xx_tim.o(.text)
    TIM_SetAutoreload                        0x08002bdd   Thumb Code     4  stm32f4xx_tim.o(.text)
    TIM_GetCounter                           0x08002be1   Thumb Code     6  stm32f4xx_tim.o(.text)
    TIM_GetPrescaler                         0x08002be7   Thumb Code     6  stm32f4xx_tim.o(.text)
    TIM_UpdateDisableConfig                  0x08002bed   Thumb Code    24  stm32f4xx_tim.o(.text)
    TIM_UpdateRequestConfig                  0x08002c05   Thumb Code    24  stm32f4xx_tim.o(.text)
    TIM_ARRPreloadConfig                     0x08002c1d   Thumb Code    24  stm32f4xx_tim.o(.text)
    TIM_SelectOnePulseMode                   0x08002c35   Thumb Code    18  stm32f4xx_tim.o(.text)
    TIM_SetClockDivision                     0x08002c47   Thumb Code    18  stm32f4xx_tim.o(.text)
    TIM_Cmd                                  0x08002c59   Thumb Code    24  stm32f4xx_tim.o(.text)
    TIM_OC1Init                              0x08002c71   Thumb Code   114  stm32f4xx_tim.o(.text)
    TIM_OC2Init                              0x08002ce3   Thumb Code   154  stm32f4xx_tim.o(.text)
    TIM_OC3Init                              0x08002d7d   Thumb Code   204  stm32f4xx_tim.o(.text)
    TIM_OC4Init                              0x08002e49   Thumb Code   112  stm32f4xx_tim.o(.text)
    TIM_OCStructInit                         0x08002eb9   Thumb Code    20  stm32f4xx_tim.o(.text)
    TIM_SelectOCxM                           0x08002ecd   Thumb Code    86  stm32f4xx_tim.o(.text)
    TIM_SetCompare1                          0x08002f23   Thumb Code     4  stm32f4xx_tim.o(.text)
    TIM_SetCompare2                          0x08002f27   Thumb Code     4  stm32f4xx_tim.o(.text)
    TIM_SetCompare3                          0x08002f2b   Thumb Code     4  stm32f4xx_tim.o(.text)
    TIM_SetCompare4                          0x08002f2f   Thumb Code     4  stm32f4xx_tim.o(.text)
    TIM_ForcedOC1Config                      0x08002f33   Thumb Code    18  stm32f4xx_tim.o(.text)
    TIM_ForcedOC2Config                      0x08002f45   Thumb Code    26  stm32f4xx_tim.o(.text)
    TIM_ForcedOC3Config                      0x08002f5f   Thumb Code    18  stm32f4xx_tim.o(.text)
    TIM_ForcedOC4Config                      0x08002f71   Thumb Code    26  stm32f4xx_tim.o(.text)
    TIM_OC1PreloadConfig                     0x08002f8b   Thumb Code    18  stm32f4xx_tim.o(.text)
    TIM_OC2PreloadConfig                     0x08002f9d   Thumb Code    26  stm32f4xx_tim.o(.text)
    TIM_OC3PreloadConfig                     0x08002fb7   Thumb Code    18  stm32f4xx_tim.o(.text)
    TIM_OC4PreloadConfig                     0x08002fc9   Thumb Code    26  stm32f4xx_tim.o(.text)
    TIM_OC1FastConfig                        0x08002fe3   Thumb Code    18  stm32f4xx_tim.o(.text)
    TIM_OC2FastConfig                        0x08002ff5   Thumb Code    26  stm32f4xx_tim.o(.text)
    TIM_OC3FastConfig                        0x0800300f   Thumb Code    18  stm32f4xx_tim.o(.text)
    TIM_OC4FastConfig                        0x08003021   Thumb Code    26  stm32f4xx_tim.o(.text)
    TIM_ClearOC1Ref                          0x0800303b   Thumb Code    18  stm32f4xx_tim.o(.text)
    TIM_ClearOC2Ref                          0x0800304d   Thumb Code    24  stm32f4xx_tim.o(.text)
    TIM_ClearOC3Ref                          0x08003065   Thumb Code    18  stm32f4xx_tim.o(.text)
    TIM_ClearOC4Ref                          0x08003077   Thumb Code    24  stm32f4xx_tim.o(.text)
    TIM_OC1PolarityConfig                    0x0800308f   Thumb Code    18  stm32f4xx_tim.o(.text)
    TIM_OC1NPolarityConfig                   0x080030a1   Thumb Code    18  stm32f4xx_tim.o(.text)
    TIM_OC2PolarityConfig                    0x080030b3   Thumb Code    26  stm32f4xx_tim.o(.text)
    TIM_OC2NPolarityConfig                   0x080030cd   Thumb Code    26  stm32f4xx_tim.o(.text)
    TIM_OC3PolarityConfig                    0x080030e7   Thumb Code    26  stm32f4xx_tim.o(.text)
    TIM_OC3NPolarityConfig                   0x08003101   Thumb Code    26  stm32f4xx_tim.o(.text)
    TIM_OC4PolarityConfig                    0x0800311b   Thumb Code    26  stm32f4xx_tim.o(.text)
    TIM_CCxCmd                               0x08003135   Thumb Code    30  stm32f4xx_tim.o(.text)
    TIM_CCxNCmd                              0x08003153   Thumb Code    30  stm32f4xx_tim.o(.text)
    TIM_SetIC4Prescaler                      0x08003171   Thumb Code    26  stm32f4xx_tim.o(.text)
    TIM_SetIC3Prescaler                      0x080031db   Thumb Code    18  stm32f4xx_tim.o(.text)
    TIM_SetIC2Prescaler                      0x08003235   Thumb Code    26  stm32f4xx_tim.o(.text)
    TIM_SetIC1Prescaler                      0x080032a9   Thumb Code    18  stm32f4xx_tim.o(.text)
    TIM_ICInit                               0x080032f5   Thumb Code   110  stm32f4xx_tim.o(.text)
    TIM_ICStructInit                         0x08003363   Thumb Code    18  stm32f4xx_tim.o(.text)
    TIM_PWMIConfig                           0x08003375   Thumb Code   124  stm32f4xx_tim.o(.text)
    TIM_GetCapture1                          0x080033f1   Thumb Code     6  stm32f4xx_tim.o(.text)
    TIM_GetCapture2                          0x080033f7   Thumb Code     6  stm32f4xx_tim.o(.text)
    TIM_GetCapture3                          0x080033fd   Thumb Code     6  stm32f4xx_tim.o(.text)
    TIM_GetCapture4                          0x08003403   Thumb Code     6  stm32f4xx_tim.o(.text)
    TIM_BDTRConfig                           0x08003409   Thumb Code    32  stm32f4xx_tim.o(.text)
    TIM_BDTRStructInit                       0x08003429   Thumb Code    18  stm32f4xx_tim.o(.text)
    TIM_CtrlPWMOutputs                       0x0800343b   Thumb Code    30  stm32f4xx_tim.o(.text)
    TIM_SelectCOM                            0x08003459   Thumb Code    24  stm32f4xx_tim.o(.text)
    TIM_CCPreloadControl                     0x08003471   Thumb Code    24  stm32f4xx_tim.o(.text)
    TIM_ITConfig                             0x08003489   Thumb Code    18  stm32f4xx_tim.o(.text)
    TIM_GenerateEvent                        0x0800349b   Thumb Code     4  stm32f4xx_tim.o(.text)
    TIM_GetFlagStatus                        0x0800349f   Thumb Code    18  stm32f4xx_tim.o(.text)
    TIM_ClearFlag                            0x080034b1   Thumb Code     6  stm32f4xx_tim.o(.text)
    TIM_GetITStatus                          0x080034b7   Thumb Code    34  stm32f4xx_tim.o(.text)
    TIM_ClearITPendingBit                    0x080034d9   Thumb Code     6  stm32f4xx_tim.o(.text)
    TIM_DMAConfig                            0x080034df   Thumb Code    10  stm32f4xx_tim.o(.text)
    TIM_DMACmd                               0x080034e9   Thumb Code    18  stm32f4xx_tim.o(.text)
    TIM_SelectCCDMA                          0x080034fb   Thumb Code    24  stm32f4xx_tim.o(.text)
    TIM_InternalClockConfig                  0x08003513   Thumb Code    12  stm32f4xx_tim.o(.text)
    TIM_SelectInputTrigger                   0x0800351f   Thumb Code    18  stm32f4xx_tim.o(.text)
    TIM_ITRxExternalClockConfig              0x08003531   Thumb Code    24  stm32f4xx_tim.o(.text)
    TIM_TIxExternalClockConfig               0x08003549   Thumb Code    62  stm32f4xx_tim.o(.text)
    TIM_ETRConfig                            0x08003587   Thumb Code    28  stm32f4xx_tim.o(.text)
    TIM_ETRClockMode1Config                  0x080035a3   Thumb Code    54  stm32f4xx_tim.o(.text)
    TIM_ETRClockMode2Config                  0x080035d9   Thumb Code    32  stm32f4xx_tim.o(.text)
    TIM_SelectOutputTrigger                  0x080035f9   Thumb Code    18  stm32f4xx_tim.o(.text)
    TIM_SelectSlaveMode                      0x0800360b   Thumb Code    18  stm32f4xx_tim.o(.text)
    TIM_SelectMasterSlaveMode                0x0800361d   Thumb Code    18  stm32f4xx_tim.o(.text)
    TIM_EncoderInterfaceConfig               0x0800362f   Thumb Code    66  stm32f4xx_tim.o(.text)
    TIM_SelectHallSensor                     0x08003671   Thumb Code    24  stm32f4xx_tim.o(.text)
    TIM_RemapConfig                          0x08003689   Thumb Code     6  stm32f4xx_tim.o(.text)
    RCC_DeInit                               0x08003691   Thumb Code    82  stm32f4xx_rcc.o(.text)
    RCC_HSEConfig                            0x080036e3   Thumb Code    14  stm32f4xx_rcc.o(.text)
    RCC_GetFlagStatus                        0x080036f1   Thumb Code    60  stm32f4xx_rcc.o(.text)
    RCC_WaitForHSEStartUp                    0x0800372d   Thumb Code    56  stm32f4xx_rcc.o(.text)
    RCC_AdjustHSICalibrationValue            0x08003765   Thumb Code    20  stm32f4xx_rcc.o(.text)
    RCC_HSICmd                               0x08003779   Thumb Code     6  stm32f4xx_rcc.o(.text)
    RCC_LSEConfig                            0x0800377f   Thumb Code    46  stm32f4xx_rcc.o(.text)
    RCC_LSICmd                               0x080037ad   Thumb Code     6  stm32f4xx_rcc.o(.text)
    RCC_PLLConfig                            0x080037b3   Thumb Code    32  stm32f4xx_rcc.o(.text)
    RCC_PLLCmd                               0x080037d3   Thumb Code     6  stm32f4xx_rcc.o(.text)
    RCC_PLLI2SConfig                         0x080037d9   Thumb Code    14  stm32f4xx_rcc.o(.text)
    RCC_PLLI2SCmd                            0x080037e7   Thumb Code     6  stm32f4xx_rcc.o(.text)
    RCC_PLLSAIConfig                         0x080037ed   Thumb Code    20  stm32f4xx_rcc.o(.text)
    RCC_PLLSAICmd                            0x08003801   Thumb Code     6  stm32f4xx_rcc.o(.text)
    RCC_ClockSecuritySystemCmd               0x08003807   Thumb Code     6  stm32f4xx_rcc.o(.text)
    RCC_MCO1Config                           0x0800380d   Thumb Code    28  stm32f4xx_rcc.o(.text)
    RCC_MCO2Config                           0x08003829   Thumb Code    28  stm32f4xx_rcc.o(.text)
    RCC_SYSCLKConfig                         0x08003845   Thumb Code    20  stm32f4xx_rcc.o(.text)
    RCC_GetSYSCLKSource                      0x08003859   Thumb Code    12  stm32f4xx_rcc.o(.text)
    RCC_HCLKConfig                           0x08003865   Thumb Code    20  stm32f4xx_rcc.o(.text)
    RCC_PCLK1Config                          0x08003879   Thumb Code    20  stm32f4xx_rcc.o(.text)
    RCC_PCLK2Config                          0x0800388d   Thumb Code    22  stm32f4xx_rcc.o(.text)
    RCC_GetClocksFreq                        0x080038a3   Thumb Code   222  stm32f4xx_rcc.o(.text)
    RCC_RTCCLKConfig                         0x08003981   Thumb Code    54  stm32f4xx_rcc.o(.text)
    RCC_RTCCLKCmd                            0x080039b7   Thumb Code     8  stm32f4xx_rcc.o(.text)
    RCC_BackupResetCmd                       0x080039bf   Thumb Code     8  stm32f4xx_rcc.o(.text)
    RCC_I2SCLKConfig                         0x080039c7   Thumb Code     6  stm32f4xx_rcc.o(.text)
    RCC_SAIPLLI2SClkDivConfig                0x080039cd   Thumb Code    26  stm32f4xx_rcc.o(.text)
    RCC_SAIPLLSAIClkDivConfig                0x080039e7   Thumb Code    28  stm32f4xx_rcc.o(.text)
    RCC_SAIBlockACLKConfig                   0x08003a03   Thumb Code    20  stm32f4xx_rcc.o(.text)
    RCC_SAIBlockBCLKConfig                   0x08003a17   Thumb Code    20  stm32f4xx_rcc.o(.text)
    RCC_LTDCCLKDivConfig                     0x08003a2b   Thumb Code    20  stm32f4xx_rcc.o(.text)
    RCC_TIMCLKPresConfig                     0x08003a3f   Thumb Code     6  stm32f4xx_rcc.o(.text)
    RCC_AHB1PeriphClockCmd                   0x08003a45   Thumb Code    34  stm32f4xx_rcc.o(.text)
    RCC_AHB2PeriphClockCmd                   0x08003a67   Thumb Code    78  stm32f4xx_rcc.o(.text)
    RCC_AHB3PeriphClockCmd                   0x08003ab5   Thumb Code    34  stm32f4xx_rcc.o(.text)
    RCC_APB1PeriphClockCmd                   0x08003ad7   Thumb Code    34  stm32f4xx_rcc.o(.text)
    RCC_APB2PeriphClockCmd                   0x08003af9   Thumb Code    34  stm32f4xx_rcc.o(.text)
    RCC_AHB1PeriphResetCmd                   0x08003b1b   Thumb Code    34  stm32f4xx_rcc.o(.text)
    RCC_AHB2PeriphResetCmd                   0x08003b3d   Thumb Code    34  stm32f4xx_rcc.o(.text)
    RCC_AHB3PeriphResetCmd                   0x08003b5f   Thumb Code    34  stm32f4xx_rcc.o(.text)
    RCC_APB1PeriphResetCmd                   0x08003b81   Thumb Code    34  stm32f4xx_rcc.o(.text)
    RCC_APB2PeriphResetCmd                   0x08003ba3   Thumb Code    34  stm32f4xx_rcc.o(.text)
    RCC_AHB1PeriphClockLPModeCmd             0x08003bc5   Thumb Code    34  stm32f4xx_rcc.o(.text)
    RCC_AHB2PeriphClockLPModeCmd             0x08003be7   Thumb Code    34  stm32f4xx_rcc.o(.text)
    RCC_AHB3PeriphClockLPModeCmd             0x08003c09   Thumb Code    34  stm32f4xx_rcc.o(.text)
    RCC_APB1PeriphClockLPModeCmd             0x08003c2b   Thumb Code    34  stm32f4xx_rcc.o(.text)
    RCC_APB2PeriphClockLPModeCmd             0x08003c4d   Thumb Code    34  stm32f4xx_rcc.o(.text)
    RCC_LSEModeConfig                        0x08003c6f   Thumb Code    40  stm32f4xx_rcc.o(.text)
    RCC_ITConfig                             0x08003c97   Thumb Code    34  stm32f4xx_rcc.o(.text)
    RCC_ClearFlag                            0x08003cb9   Thumb Code    18  stm32f4xx_rcc.o(.text)
    RCC_GetITStatus                          0x08003ccb   Thumb Code    22  stm32f4xx_rcc.o(.text)
    RCC_ClearITPendingBit                    0x08003ce1   Thumb Code     8  stm32f4xx_rcc.o(.text)
    DMA_DeInit                               0x08003ced   Thumb Code   324  stm32f4xx_dma.o(.text)
    DMA_Init                                 0x08003e31   Thumb Code    82  stm32f4xx_dma.o(.text)
    DMA_StructInit                           0x08003e83   Thumb Code    34  stm32f4xx_dma.o(.text)
    DMA_Cmd                                  0x08003ea5   Thumb Code    22  stm32f4xx_dma.o(.text)
    DMA_PeriphIncOffsetSizeConfig            0x08003ebb   Thumb Code    22  stm32f4xx_dma.o(.text)
    DMA_FlowControllerConfig                 0x08003ed1   Thumb Code    22  stm32f4xx_dma.o(.text)
    DMA_SetCurrDataCounter                   0x08003ee7   Thumb Code     4  stm32f4xx_dma.o(.text)
    DMA_GetCurrDataCounter                   0x08003eeb   Thumb Code     8  stm32f4xx_dma.o(.text)
    DMA_DoubleBufferModeConfig               0x08003ef3   Thumb Code    24  stm32f4xx_dma.o(.text)
    DMA_DoubleBufferModeCmd                  0x08003f0b   Thumb Code    22  stm32f4xx_dma.o(.text)
    DMA_MemoryTargetConfig                   0x08003f21   Thumb Code    10  stm32f4xx_dma.o(.text)
    DMA_GetCurrentMemoryTarget               0x08003f2b   Thumb Code    20  stm32f4xx_dma.o(.text)
    DMA_GetCmdStatus                         0x08003f3f   Thumb Code    20  stm32f4xx_dma.o(.text)
    DMA_GetFIFOStatus                        0x08003f53   Thumb Code    12  stm32f4xx_dma.o(.text)
    DMA_GetFlagStatus                        0x08003f5f   Thumb Code    56  stm32f4xx_dma.o(.text)
    DMA_ClearFlag                            0x08003f97   Thumb Code    40  stm32f4xx_dma.o(.text)
    DMA_ITConfig                             0x08003fbf   Thumb Code    58  stm32f4xx_dma.o(.text)
    DMA_GetITStatus                          0x08003ff9   Thumb Code    84  stm32f4xx_dma.o(.text)
    DMA_ClearITPendingBit                    0x0800404d   Thumb Code    40  stm32f4xx_dma.o(.text)
    ADC_DeInit                               0x08004095   Thumb Code    22  stm32f4xx_adc.o(.text)
    ADC_Init                                 0x080040ab   Thumb Code    74  stm32f4xx_adc.o(.text)
    ADC_StructInit                           0x080040f5   Thumb Code    20  stm32f4xx_adc.o(.text)
    ADC_CommonInit                           0x08004109   Thumb Code    34  stm32f4xx_adc.o(.text)
    ADC_CommonStructInit                     0x0800412b   Thumb Code    12  stm32f4xx_adc.o(.text)
    ADC_Cmd                                  0x08004137   Thumb Code    22  stm32f4xx_adc.o(.text)
    ADC_AnalogWatchdogCmd                    0x0800414d   Thumb Code    16  stm32f4xx_adc.o(.text)
    ADC_AnalogWatchdogThresholdsConfig       0x0800415d   Thumb Code     6  stm32f4xx_adc.o(.text)
    ADC_AnalogWatchdogSingleChannelConfig    0x08004163   Thumb Code    16  stm32f4xx_adc.o(.text)
    ADC_TempSensorVrefintCmd                 0x08004173   Thumb Code    34  stm32f4xx_adc.o(.text)
    ADC_VBATCmd                              0x08004195   Thumb Code    34  stm32f4xx_adc.o(.text)
    ADC_RegularChannelConfig                 0x080041b7   Thumb Code   184  stm32f4xx_adc.o(.text)
    ADC_SoftwareStartConv                    0x0800426f   Thumb Code    10  stm32f4xx_adc.o(.text)
    ADC_GetSoftwareStartConvStatus           0x08004279   Thumb Code    20  stm32f4xx_adc.o(.text)
    ADC_EOCOnEachRegularChannelCmd           0x0800428d   Thumb Code    22  stm32f4xx_adc.o(.text)
    ADC_ContinuousModeCmd                    0x080042a3   Thumb Code    22  stm32f4xx_adc.o(.text)
    ADC_DiscModeChannelCountConfig           0x080042b9   Thumb Code    24  stm32f4xx_adc.o(.text)
    ADC_DiscModeCmd                          0x080042d1   Thumb Code    22  stm32f4xx_adc.o(.text)
    ADC_GetConversionValue                   0x080042e7   Thumb Code     8  stm32f4xx_adc.o(.text)
    ADC_GetMultiModeConversionValue          0x080042ef   Thumb Code     8  stm32f4xx_adc.o(.text)
    ADC_DMACmd                               0x080042f7   Thumb Code    22  stm32f4xx_adc.o(.text)
    ADC_DMARequestAfterLastTransferCmd       0x0800430d   Thumb Code    22  stm32f4xx_adc.o(.text)
    ADC_MultiModeDMARequestAfterLastTransferCmd 0x08004323   Thumb Code    34  stm32f4xx_adc.o(.text)
    ADC_InjectedChannelConfig                0x08004345   Thumb Code   130  stm32f4xx_adc.o(.text)
    ADC_InjectedSequencerLengthConfig        0x080043c7   Thumb Code    24  stm32f4xx_adc.o(.text)
    ADC_SetInjectedOffset                    0x080043df   Thumb Code    20  stm32f4xx_adc.o(.text)
    ADC_ExternalTrigInjectedConvConfig       0x080043f3   Thumb Code    16  stm32f4xx_adc.o(.text)
    ADC_ExternalTrigInjectedConvEdgeConfig   0x08004403   Thumb Code    16  stm32f4xx_adc.o(.text)
    ADC_SoftwareStartInjectedConv            0x08004413   Thumb Code    10  stm32f4xx_adc.o(.text)
    ADC_GetSoftwareStartInjectedConvCmdStatus 0x0800441d   Thumb Code    20  stm32f4xx_adc.o(.text)
    ADC_AutoInjectedConvCmd                  0x08004431   Thumb Code    22  stm32f4xx_adc.o(.text)
    ADC_InjectedDiscModeCmd                  0x08004447   Thumb Code    22  stm32f4xx_adc.o(.text)
    ADC_GetInjectedConversionValue           0x0800445d   Thumb Code    28  stm32f4xx_adc.o(.text)
    ADC_ITConfig                             0x08004479   Thumb Code    56  stm32f4xx_adc.o(.text)
    ADC_GetFlagStatus                        0x080044b1   Thumb Code    18  stm32f4xx_adc.o(.text)
    ADC_ClearFlag                            0x080044c3   Thumb Code     6  stm32f4xx_adc.o(.text)
    ADC_GetITStatus                          0x080044c9   Thumb Code    38  stm32f4xx_adc.o(.text)
    ADC_ClearITPendingBit                    0x080044ef   Thumb Code    10  stm32f4xx_adc.o(.text)
    vListInitialise                          0x080044f9   Thumb Code    26  list.o(.text)
    vListInitialiseItem                      0x08004513   Thumb Code     6  list.o(.text)
    vListInsertEnd                           0x08004519   Thumb Code    24  list.o(.text)
    vListInsert                              0x08004531   Thumb Code    52  list.o(.text)
    uxListRemove                             0x08004565   Thumb Code    40  list.o(.text)
    xQueueGenericReset                       0x0800458d   Thumb Code   146  queue.o(.text)
    xQueueGenericCreate                      0x08004649   Thumb Code    90  queue.o(.text)
    xQueueGenericSend                        0x080047bd   Thumb Code   420  queue.o(.text)
    xQueueCreateMutex                        0x0800497f   Thumb Code    34  queue.o(.text)
    xQueueGiveMutexRecursive                 0x080049a1   Thumb Code    78  queue.o(.text)
    xQueueSemaphoreTake                      0x08004a1d   Thumb Code   434  queue.o(.text)
    xQueueTakeMutexRecursive                 0x08004bcf   Thumb Code    78  queue.o(.text)
    xQueueCreateCountingSemaphore            0x08004c1d   Thumb Code    92  queue.o(.text)
    xQueueGenericSendFromISR                 0x08004c79   Thumb Code   248  queue.o(.text)
    xQueueGiveFromISR                        0x08004d71   Thumb Code   224  queue.o(.text)
    xQueueReceive                            0x08004e7b   Thumb Code   362  queue.o(.text)
    xQueuePeek                               0x08004fe5   Thumb Code   362  queue.o(.text)
    xQueueReceiveFromISR                     0x0800514f   Thumb Code   202  queue.o(.text)
    xQueuePeekFromISR                        0x08005219   Thumb Code   176  queue.o(.text)
    uxQueueMessagesWaiting                   0x080052c9   Thumb Code    42  queue.o(.text)
    uxQueueSpacesAvailable                   0x080052f3   Thumb Code    52  queue.o(.text)
    uxQueueMessagesWaitingFromISR            0x08005327   Thumb Code    34  queue.o(.text)
    vQueueUnregisterQueue                    0x08005349   Thumb Code    44  queue.o(.text)
    vQueueDelete                             0x08005375   Thumb Code    44  queue.o(.text)
    uxQueueGetQueueNumber                    0x080053a1   Thumb Code     6  queue.o(.text)
    vQueueSetQueueNumber                     0x080053a7   Thumb Code     4  queue.o(.text)
    ucQueueGetQueueType                      0x080053ab   Thumb Code     8  queue.o(.text)
    xQueueIsQueueEmptyFromISR                0x080053b3   Thumb Code    42  queue.o(.text)
    xQueueIsQueueFullFromISR                 0x080053dd   Thumb Code    46  queue.o(.text)
    vQueueAddToRegistry                      0x0800540b   Thumb Code    38  queue.o(.text)
    pcQueueGetName                           0x08005431   Thumb Code    38  queue.o(.text)
    vQueueWaitForMessageRestricted           0x08005457   Thumb Code    74  queue.o(.text)
    xTaskCreate                              0x08005653   Thumb Code    96  tasks.o(.text)
    vTaskDelete                              0x080056ef   Thumb Code   202  tasks.o(.text)
    xTaskIncrementTick                       0x080057b9   Thumb Code   358  tasks.o(.text)
    xTaskResumeAll                           0x0800591f   Thumb Code   224  tasks.o(.text)
    vTaskSuspendAll                          0x08005a7b   Thumb Code    12  tasks.o(.text)
    vTaskDelayUntil                          0x08005a87   Thumb Code   200  tasks.o(.text)
    vTaskDelay                               0x08005b4f   Thumb Code    82  tasks.o(.text)
    eTaskGetState                            0x08005ba1   Thumb Code   128  tasks.o(.text)
    uxTaskPriorityGet                        0x08005c21   Thumb Code    30  tasks.o(.text)
    uxTaskPriorityGetFromISR                 0x08005c3f   Thumb Code    62  tasks.o(.text)
    vTaskPrioritySet                         0x08005c7d   Thumb Code   324  tasks.o(.text)
    vTaskSwitchContext                       0x08005dc1   Thumb Code   118  tasks.o(.text)
    vTaskSuspend                             0x08005e37   Thumb Code   210  tasks.o(.text)
    vTaskResume                              0x08005f59   Thumb Code   128  tasks.o(.text)
    xTaskResumeFromISR                       0x08005fd9   Thumb Code   158  tasks.o(.text)
    vTaskStartScheduler                      0x080060d3   Thumb Code   192  tasks.o(.text)
    vTaskEndScheduler                        0x08006193   Thumb Code    32  tasks.o(.text)
    xTaskGetTickCount                        0x080061b3   Thumb Code     6  tasks.o(.text)
    xTaskGetTickCountFromISR                 0x080061b9   Thumb Code    16  tasks.o(.text)
    uxTaskGetNumberOfTasks                   0x080061c9   Thumb Code     6  tasks.o(.text)
    pcTaskGetName                            0x080061cf   Thumb Code    44  tasks.o(.text)
    vTaskGetInfo                             0x08006211   Thumb Code   126  tasks.o(.text)
    uxTaskGetSystemState                     0x080062f9   Thumb Code   152  tasks.o(.text)
    vTaskPlaceOnEventList                    0x08006391   Thumb Code    52  tasks.o(.text)
    vTaskPlaceOnUnorderedEventList           0x080063c5   Thumb Code   100  tasks.o(.text)
    vTaskPlaceOnEventListRestricted          0x08006429   Thumb Code    60  tasks.o(.text)
    xTaskRemoveFromEventList                 0x08006465   Thumb Code   128  tasks.o(.text)
    vTaskRemoveFromUnorderedEventList        0x080064e5   Thumb Code   142  tasks.o(.text)
    vTaskSetTimeOutState                     0x08006573   Thumb Code   104  tasks.o(.text)
    vTaskInternalSetTimeOutState             0x080065db   Thumb Code    14  tasks.o(.text)
    xTaskCheckForTimeOut                     0x080065e9   Thumb Code   132  tasks.o(.text)
    vTaskMissedYield                         0x0800666d   Thumb Code     8  tasks.o(.text)
    uxTaskGetTaskNumber                      0x08006675   Thumb Code    14  tasks.o(.text)
    vTaskSetTaskNumber                       0x08006683   Thumb Code     8  tasks.o(.text)
    xTaskGetCurrentTaskHandle                0x0800668b   Thumb Code     6  tasks.o(.text)
    xTaskGetSchedulerState                   0x08006691   Thumb Code    24  tasks.o(.text)
    xTaskPriorityInherit                     0x080066a9   Thumb Code   186  tasks.o(.text)
    xTaskPriorityDisinherit                  0x08006763   Thumb Code   188  tasks.o(.text)
    vTaskPriorityDisinheritAfterTimeout      0x0800681f   Thumb Code   230  tasks.o(.text)
    uxTaskResetEventItemValue                0x08006905   Thumb Code    24  tasks.o(.text)
    pvTaskIncrementMutexHeldCount            0x0800691d   Thumb Code    26  tasks.o(.text)
    ulTaskNotifyTake                         0x08006937   Thumb Code   108  tasks.o(.text)
    xTaskNotifyWait                          0x080069a3   Thumb Code   188  tasks.o(.text)
    xTaskGenericNotify                       0x08006a5f   Thumb Code   280  tasks.o(.text)
    xTaskGenericNotifyFromISR                0x08006b77   Thumb Code   334  tasks.o(.text)
    vTaskNotifyGiveFromISR                   0x08006cc5   Thumb Code   214  tasks.o(.text)
    xTaskNotifyStateClear                    0x08006d9b   Thumb Code    48  tasks.o(.text)
    xTimerGenericCommand                     0x08006e39   Thumb Code   126  timers.o(.text)
    xTimerCreateTimerTask                    0x080071af   Thumb Code   118  timers.o(.text)
    xTimerCreate                             0x08007273   Thumb Code    48  timers.o(.text)
    xTimerGetTimerDaemonTaskHandle           0x080072a3   Thumb Code    42  timers.o(.text)
    xTimerGetPeriod                          0x080072cd   Thumb Code    32  timers.o(.text)
    xTimerGetExpiryTime                      0x080072ed   Thumb Code    34  timers.o(.text)
    pcTimerGetName                           0x0800730f   Thumb Code    32  timers.o(.text)
    xTimerIsTimerActive                      0x0800732f   Thumb Code    62  timers.o(.text)
    pvTimerGetTimerID                        0x0800736d   Thumb Code    44  timers.o(.text)
    vTimerSetTimerID                         0x08007399   Thumb Code    44  timers.o(.text)
    uxTimerGetTimerNumber                    0x080073c5   Thumb Code     6  timers.o(.text)
    vTimerSetTimerNumber                     0x080073cb   Thumb Code     4  timers.o(.text)
    pvPortMalloc                             0x08007497   Thumb Code   296  heap_4.o(.text)
    vPortFree                                0x080075bf   Thumb Code   140  heap_4.o(.text)
    xPortGetFreeHeapSize                     0x0800764b   Thumb Code     6  heap_4.o(.text)
    xPortGetMinimumEverFreeHeapSize          0x08007651   Thumb Code     6  heap_4.o(.text)
    vPortInitialiseBlocks                    0x08007657   Thumb Code     2  heap_4.o(.text)
    pxPortInitialiseStack                    0x080076ad   Thumb Code    38  port.o(.text)
    vPortSetupTimerInterrupt                 0x080076d3   Thumb Code    36  port.o(.text)
    xPortStartScheduler                      0x080076f7   Thumb Code   330  port.o(.text)
    vPortEndScheduler                        0x08007841   Thumb Code    42  port.o(.text)
    vPortEnterCritical                       0x0800786b   Thumb Code    78  port.o(.text)
    vPortExitCritical                        0x080078b9   Thumb Code    56  port.o(.text)
    xPortSysTickHandler                      0x080078f1   Thumb Code    48  port.o(.text)
    vPortValidateInterruptPriority           0x08007921   Thumb Code   108  port.o(.text)
    led0_task                                0x080079b1   Thumb Code    80  led_task.o(.text)
    set_gimbal_angle                         0x08007a0d   Thumb Code   178  machine.o(.text)
    set_map_angle                            0x08007abf   Thumb Code   160  machine.o(.text)
    machine_task                             0x08007b5f   Thumb Code  1228  machine.o(.text)
    clear                                    0x0800802b   Thumb Code    98  machine.o(.text)
    usart1_send_char                         0x080080d9   Thumb Code    28  task_debug.o(.text)
    send_to_anotc_by_usart1_float            0x080080f5   Thumb Code   260  task_debug.o(.text)
    debug_task                               0x080081f9   Thumb Code   260  task_debug.o(.text)
    MY_IDLE_Handler                          0x080082fd   Thumb Code   168  task_debug.o(.text)
    MY_IDLE_Show_Handler                     0x080083a5   Thumb Code   392  task_debug.o(.text)
    MY_RXNE_Handler                          0x0800852d   Thumb Code    26  task_debug.o(.text)
    __use_no_semihosting                     0x08008551   Thumb Code     2  use_no_semi_2.o(.text)
    __aeabi_memcpy                           0x08008553   Thumb Code     0  rt_memcpy_v6.o(.text)
    __rt_memcpy                              0x08008553   Thumb Code   138  rt_memcpy_v6.o(.text)
    _memcpy_lastbytes                        0x080085b9   Thumb Code     0  rt_memcpy_v6.o(.text)
    __aeabi_memset                           0x080085dd   Thumb Code    16  aeabi_memset.o(.text)
    __aeabi_memclr4                          0x080085ed   Thumb Code     0  rt_memclr_w.o(.text)
    __aeabi_memclr8                          0x080085ed   Thumb Code     0  rt_memclr_w.o(.text)
    __rt_memclr_w                            0x080085ed   Thumb Code    78  rt_memclr_w.o(.text)
    _memset_w                                0x080085f1   Thumb Code     0  rt_memclr_w.o(.text)
    __use_two_region_memory                  0x0800863b   Thumb Code     2  heapauxi.o(.text)
    __rt_heap_escrow$2region                 0x0800863d   Thumb Code     2  heapauxi.o(.text)
    __rt_heap_expand$2region                 0x0800863f   Thumb Code     2  heapauxi.o(.text)
    __I$use$semihosting                      0x08008641   Thumb Code     0  use_no_semi.o(.text)
    __use_no_semihosting_swi                 0x08008641   Thumb Code     2  use_no_semi.o(.text)
    __read_errno                             0x08008643   Thumb Code    10  _rserrno.o(.text)
    __set_errno                              0x0800864d   Thumb Code    12  _rserrno.o(.text)
    __strtod_int                             0x08008695   Thumb Code    88  strtod.o(.text)
    __aeabi_memcpy4                          0x080086f9   Thumb Code     0  rt_memcpy_w.o(.text)
    __aeabi_memcpy8                          0x080086f9   Thumb Code     0  rt_memcpy_w.o(.text)
    __rt_memcpy_w                            0x080086f9   Thumb Code   100  rt_memcpy_w.o(.text)
    _memcpy_lastbytes_aligned                0x08008741   Thumb Code     0  rt_memcpy_w.o(.text)
    __aeabi_memclr                           0x0800875d   Thumb Code     0  rt_memclr.o(.text)
    __rt_memclr                              0x0800875d   Thumb Code    68  rt_memclr.o(.text)
    _memset                                  0x08008761   Thumb Code     0  rt_memclr.o(.text)
    __aeabi_errno_addr                       0x080087a1   Thumb Code     8  rt_errno_addr_intlibspace.o(.text)
    __errno$intlibspace                      0x080087a1   Thumb Code     0  rt_errno_addr_intlibspace.o(.text)
    __rt_errno_addr$intlibspace              0x080087a1   Thumb Code     0  rt_errno_addr_intlibspace.o(.text)
    isspace                                  0x080087a9   Thumb Code    18  isspace.o(.text)
    _sgetc                                   0x080087bb   Thumb Code    30  _sgetc.o(.text)
    _sbackspace                              0x080087d9   Thumb Code    34  _sgetc.o(.text)
    __user_libspace                          0x080087fd   Thumb Code     8  libspace.o(.text)
    __user_perproc_libspace                  0x080087fd   Thumb Code     0  libspace.o(.text)
    __user_perthread_libspace                0x080087fd   Thumb Code     0  libspace.o(.text)
    __user_setup_stackheap                   0x08008805   Thumb Code    74  sys_stackheap_outer.o(.text)
    __rt_ctype_table                         0x08008851   Thumb Code    16  rt_ctype_table.o(.text)
    _scanf_really_real                       0x08008a5d   Thumb Code   668  scanf_fp.o(.text)
    exit                                     0x08008d05   Thumb Code    12  exit.o(.text)
    strcmp                                   0x08008d11   Thumb Code   128  strcmpv7m.o(.text)
    __rt_locale                              0x08008d91   Thumb Code     8  rt_locale_intlibspace.o(.text)
    _btod_etento                             0x08008d99   Thumb Code   216  bigflt0.o(.text)
    _scanf_really_hex_real                   0x08008e75   Thumb Code   778  scanf_hexfp.o(.text)
    _scanf_really_infnan                     0x0800918d   Thumb Code   292  scanf_infnan.o(.text)
    __aeabi_llsl                             0x080092c1   Thumb Code     0  llshl.o(.text)
    _ll_shift_l                              0x080092c1   Thumb Code    38  llshl.o(.text)
    _chval                                   0x080092e7   Thumb Code    28  _chval.o(.text)
    __btod_div_common                        0x08009303   Thumb Code   696  btod.o(CL$$btod_div_common)
    _e2d                                     0x0800963d   Thumb Code    80  btod.o(CL$$btod_e2d)
    _e2e                                     0x08009691   Thumb Code   198  btod.o(CL$$btod_e2e)
    _btod_ediv                               0x08009757   Thumb Code    40  btod.o(CL$$btod_ediv)
    _btod_edivd                              0x0800977f   Thumb Code    40  btod.o(CL$$btod_edivd)
    _btod_emul                               0x080097a7   Thumb Code    40  btod.o(CL$$btod_emul)
    _btod_emuld                              0x080097cf   Thumb Code    40  btod.o(CL$$btod_emuld)
    __btod_mult_common                       0x080097f7   Thumb Code   580  btod.o(CL$$btod_mult_common)
    __hardfp_atof                            0x08009a41   Thumb Code    44  atof.o(i.__hardfp_atof)
    __hardfp_fabs                            0x08009a79   Thumb Code    20  fabs.o(i.__hardfp_fabs)
    __hardfp_ldexp                           0x08009a91   Thumb Code   200  ldexp.o(i.__hardfp_ldexp)
    __mathlib_dbl_overflow                   0x08009b61   Thumb Code    24  dunder.o(i.__mathlib_dbl_overflow)
    __mathlib_dbl_underflow                  0x08009b81   Thumb Code    24  dunder.o(i.__mathlib_dbl_underflow)
    __mathlib_narrow                         0x08009ba1   Thumb Code   166  narrow.o(i.__mathlib_narrow)
    __support_ldexp                          0x08009c59   Thumb Code    20  ldexp.o(i.__support_ldexp)
    _is_digit                                0x08009c6d   Thumb Code    14  scanf_fp.o(i._is_digit)
    frexp                                    0x08009c81   Thumb Code   118  frexp.o(i.frexp)
    _get_lc_numeric                          0x08009d0d   Thumb Code    44  lc_numeric_c.o(locale$$code)
    _get_lc_ctype                            0x08009d39   Thumb Code    44  lc_ctype_c.o(locale$$code)
    __aeabi_d2f                              0x08009d65   Thumb Code     0  d2f.o(x$fpl$d2f)
    _d2f                                     0x08009d65   Thumb Code    98  d2f.o(x$fpl$d2f)
    __aeabi_dadd                             0x08009dc9   Thumb Code     0  daddsub_clz.o(x$fpl$dadd)
    _dadd                                    0x08009dc9   Thumb Code   332  daddsub_clz.o(x$fpl$dadd)
    __fpl_dcheck_NaN1                        0x08009f19   Thumb Code    10  dcheck1.o(x$fpl$dcheck1)
    __fpl_dcmp_Inf                           0x08009f29   Thumb Code    24  dcmpi.o(x$fpl$dcmpinf)
    __aeabi_ddiv                             0x08009f41   Thumb Code     0  ddiv.o(x$fpl$ddiv)
    _ddiv                                    0x08009f41   Thumb Code   552  ddiv.o(x$fpl$ddiv)
    __aeabi_cdcmpeq                          0x0800a1f1   Thumb Code     0  deqf.o(x$fpl$deqf)
    _dcmpeq                                  0x0800a1f1   Thumb Code   120  deqf.o(x$fpl$deqf)
    __aeabi_i2d                              0x0800a269   Thumb Code     0  dflt_clz.o(x$fpl$dflt)
    _dflt                                    0x0800a269   Thumb Code    46  dflt_clz.o(x$fpl$dflt)
    __aeabi_cdcmple                          0x0800a299   Thumb Code     0  dleqf.o(x$fpl$dleqf)
    _dcmple                                  0x0800a299   Thumb Code   120  dleqf.o(x$fpl$dleqf)
    __fpl_dcmple_InfNaN                      0x0800a2fb   Thumb Code     0  dleqf.o(x$fpl$dleqf)
    __aeabi_dmul                             0x0800a311   Thumb Code     0  dmul.o(x$fpl$dmul)
    _dmul                                    0x0800a311   Thumb Code   332  dmul.o(x$fpl$dmul)
    __fpl_dnaninf                            0x0800a465   Thumb Code   156  dnaninf.o(x$fpl$dnaninf)
    __fpl_dretinf                            0x0800a501   Thumb Code    12  dretinf.o(x$fpl$dretinf)
    __aeabi_cdrcmple                         0x0800a50d   Thumb Code     0  drleqf.o(x$fpl$drleqf)
    _drcmple                                 0x0800a50d   Thumb Code   108  drleqf.o(x$fpl$drleqf)
    __aeabi_dsub                             0x0800a579   Thumb Code     0  daddsub_clz.o(x$fpl$dsub)
    _dsub                                    0x0800a579   Thumb Code   464  daddsub_clz.o(x$fpl$dsub)
    __aeabi_f2d                              0x0800a74d   Thumb Code     0  f2d.o(x$fpl$f2d)
    _f2d                                     0x0800a74d   Thumb Code    86  f2d.o(x$fpl$f2d)
    __fpl_fnaninf                            0x0800a7a3   Thumb Code   140  fnaninf.o(x$fpl$fnaninf)
    _fp_init                                 0x0800a82f   Thumb Code    10  fpinit.o(x$fpl$fpinit)
    __fplib_config_fpu_vfp                   0x0800a837   Thumb Code     0  fpinit.o(x$fpl$fpinit)
    __fplib_config_pureend_doubles           0x0800a837   Thumb Code     0  fpinit.o(x$fpl$fpinit)
    __fpl_fretinf                            0x0800a839   Thumb Code    10  fretinf.o(x$fpl$fretinf)
    __fpl_return_NaN                         0x0800a843   Thumb Code   100  retnan.o(x$fpl$retnan)
    __ARM_scalbn                             0x0800a8a7   Thumb Code    92  scalbn.o(x$fpl$scalbn)
    _scanf_real                              0x0800a903   Thumb Code     4  scanf1.o(x$fpl$scanf1)
    _scanf_hex_real                          0x0800a907   Thumb Code     4  scanf2.o(x$fpl$scanf2)
    _scanf_infnan                            0x0800a90b   Thumb Code     4  scanf2.o(x$fpl$scanf2)
    __fpl_cmpreturn                          0x0800a90f   Thumb Code    48  trapv.o(x$fpl$trapveneer)
    F6x8                                     0x0800a93e   Data         552  oled.o(.constdata)
    __I$use$fp                               0x0800a93e   Number         0  usenofp.o(x$fpl$usenofp)
    F8X16                                    0x0800ab66   Data        1520  oled.o(.constdata)
    Region$$Table$$Base                      0x0800b1ec   Number         0  anon$$obj.o(Region$$Table)
    Region$$Table$$Limit                     0x0800b20c   Number         0  anon$$obj.o(Region$$Table)
    __aeabi_HUGE_VAL                         0x0800b20c   Data           0  fpconst.o(c$$dinf)
    __aeabi_HUGE_VALL                        0x0800b20c   Data           0  fpconst.o(c$$dinf)
    __aeabi_INFINITY                         0x0800b20c   Data           0  fpconst.o(c$$dinf)
    __dInf                                   0x0800b20c   Data           0  fpconst.o(c$$dinf)
    __huge_val                               0x0800b20c   Data           0  fpconst.o(c$$dinf)
    __ctype                                  0x0800b23d   Data           0  lc_ctype_c.o(locale$$data)
    SystemCoreClock                          0x20000000   Data           4  system_stm32f4xx.o(.data)
    AHBPrescTable                            0x20000004   Data          16  system_stm32f4xx.o(.data)
    TIM3_CNT                                 0x20000014   Data           1  pwm.o(.data)
    Hzk                                      0x20000015   Data         448  oled.o(.data)
    TIM9_CH1_CAPTURE_STA                     0x200001d8   Data           1  trasonic.o(.data)
    TIM9_CH1_CAPTURE_VAL                     0x200001da   Data           2  trasonic.o(.data)
    image_x                                  0x200001e0   Data           4  pixy.o(.data)
    image_y                                  0x200001e4   Data           4  pixy.o(.data)
    set_x                                    0x200001e8   Data           4  pixy.o(.data)
    set_y                                    0x200001ec   Data           4  pixy.o(.data)
    x                                        0x200001f0   Data           4  pixy.o(.data)
    y                                        0x200001f4   Data           4  pixy.o(.data)
    x_buff                                   0x200001f8   Data           4  pixy.o(.data)
    y_buff                                   0x200001fc   Data           4  pixy.o(.data)
    j                                        0x20000200   Data           1  pixy.o(.data)
    counter                                  0x20000202   Data           2  pixy.o(.data)
    mCount                                   0x20000204   Data           4  pixy.o(.data)
    my                                       0x20000208   Data           2  pixy.o(.data)
    my_buff                                  0x2000020a   Data           2  pixy.o(.data)
    my_                                      0x2000020c   Data           2  pixy.o(.data)
    mx                                       0x2000020e   Data           2  pixy.o(.data)
    mx_buff                                  0x20000210   Data           2  pixy.o(.data)
    mx_                                      0x20000212   Data           2  pixy.o(.data)
    i                                        0x20000214   Data           1  pixy.o(.data)
    x_data                                   0x20000215   Data           4  pixy.o(.data)
    y_data                                   0x20000219   Data           4  pixy.o(.data)
    temp                                     0x2000021d   Data           1  pixy.o(.data)
    x_count                                  0x2000021e   Data           1  pixy.o(.data)
    y_count                                  0x2000021f   Data           1  pixy.o(.data)
    charge_flag                              0x20000220   Data           1  shot.o(.data)
    sign                                     0x2000022d   Data           1  usart.o(.data)
    t                                        0x2000022e   Data           1  usart.o(.data)
    he                                       0x2000022f   Data           1  usart.o(.data)
    input_distance                           0x20000230   Data           4  usart.o(.data)
    input_err_angle                          0x20000234   Data           4  usart.o(.data)
    mov_ave_flag                             0x20000238   Data           1  usart.o(.data)
    pro                                      0x2000023c   Data           4  usart.o(.data)
    searching_flag                           0x20000240   Data           1  usart.o(.data)
    __stdout                                 0x20000244   Data           4  usart.o(.data)
    USART_RX_BUF                             0x20000248   Data           7  usart.o(.data)
    USART_RX_STA                             0x20000250   Data           2  usart.o(.data)
    pxCurrentTCB                             0x20000264   Data           4  tasks.o(.data)
    LED0Task_Handler                         0x200002d8   Data           4  led_task.o(.data)
    angle_map                                0x200002dc   Data          88  machine.o(.data)
    distance_map                             0x20000334   Data          88  machine.o(.data)
    MACHINETask_Handler                      0x2000038c   Data           4  machine.o(.data)
    set_angle_gimbal0                        0x20000390   Data           4  machine.o(.data)
    set_angle_gimbal1                        0x20000394   Data           4  machine.o(.data)
    present_servo_angle                      0x20000398   Data           4  machine.o(.data)
    regulator_return_err                     0x2000039c   Data           4  machine.o(.data)
    present_image_angle                      0x200003a0   Data           4  machine.o(.data)
    regulator_turn_angle                     0x200003a4   Data           4  machine.o(.data)
    pro4_time_cnt                            0x200003a8   Data           4  machine.o(.data)
    pro4_no_use_tra                          0x200003ac   Data           1  machine.o(.data)
    pro4_input_angle                         0x200003b0   Data           4  machine.o(.data)
    p5_shot_allow                            0x200003b4   Data           1  machine.o(.data)
    pro5_time_cnt                            0x200003b8   Data           4  machine.o(.data)
    pro5_direction                           0x200003bc   Data           1  machine.o(.data)
    pro5_move_cnt                            0x200003c0   Data           4  machine.o(.data)
    pro5_init_angle                          0x200003c4   Data           4  machine.o(.data)
    shot_area_limit                          0x200003c8   Data           4  machine.o(.data)
    search_falg_pro6                         0x200003cc   Data           1  machine.o(.data)
    p6_shot_allow                            0x200003cd   Data           1  machine.o(.data)
    pro6_time_cnt                            0x200003d0   Data           4  machine.o(.data)
    pro6_direction                           0x200003d4   Data           1  machine.o(.data)
    pro6_init_angle                          0x200003d8   Data           4  machine.o(.data)
    stable_cnt                               0x200003dc   Data           4  machine.o(.data)
    distance_ave                             0x200003e0   Data           4  task_debug.o(.data)
    distance_sum                             0x200003e4   Data           4  task_debug.o(.data)
    trasonic_distance                        0x200003e8   Data           4  task_debug.o(.data)
    shot_temp_distance                       0x200003ec   Data           4  task_debug.o(.data)
    DEGUGTask_Handler                        0x200003f4   Data           4  task_debug.o(.data)
    f2str                                    0x200003f8   Data           4  task_debug.o(.data)
    pid_value_change                         0x200003fc   Data           4  task_debug.o(.data)
    BUFF_P                                   0x20000400   Data           4  task_debug.o(.data)
    numb_received                            0x20000404   Data           1  task_debug.o(.data)
    gimbal_pid                               0x20000408   Data         192  pid.o(.bss)
    Raw_Data                                 0x200004c8   Data          29  pixy.o(.bss)
    a                                        0x200004f4   Data          12  usart.o(.bss)
    w                                        0x20000500   Data          12  usart.o(.bss)
    angle                                    0x2000050c   Data          12  usart.o(.bss)
    xQueueRegistry                           0x2000052c   Data          64  queue.o(.bss)
    distance_buff                            0x2001325c   Data          20  task_debug.o(.bss)
    buf_send_float                           0x20013270   Data          29  task_debug.o(.bss)
    PID_RECEIVE_BUFF                         0x2001328d   Data          13  task_debug.o(.bss)
    __libspace_start                         0x2001329c   Data          96  libspace.o(.bss)
    __temporary_stack_top$libspace           0x200132fc   Data           0  libspace.o(.bss)



==============================================================================

Memory Map of the image

  Image Entry point : 0x08000189

  Load Region LR_IROM1 (Base: 0x08000000, Size: 0x0000b748, Max: 0x00100000, ABSOLUTE, COMPRESSED[0x0000b4c8])

    Execution Region ER_IROM1 (Base: 0x08000000, Size: 0x0000b340, Max: 0x00100000, ABSOLUTE)

    Base Addr    Size         Type   Attr      Idx    E Section Name        Object

    0x08000000   0x00000188   Data   RO          624    RESET               startup_stm32f40_41xxx.o
    0x08000188   0x00000008   Code   RO         1130  * !!!main             c_w.l(__main.o)
    0x08000190   0x00000034   Code   RO         1472    !!!scatter          c_w.l(__scatter.o)
    0x080001c4   0x0000005a   Code   RO         1470    !!dczerorl2         c_w.l(__dczerorl2.o)
    0x0800021e   0x00000002   PAD
    0x08000220   0x0000001c   Code   RO         1474    !!handler_zi        c_w.l(__scatter_zi.o)
    0x0800023c   0x00000002   Code   RO         1239    .ARM.Collect$$libinit$$00000000  c_w.l(libinit.o)
    0x0800023e   0x00000004   Code   RO         1240    .ARM.Collect$$libinit$$00000001  c_w.l(libinit2.o)
    0x08000242   0x00000000   Code   RO         1243    .ARM.Collect$$libinit$$00000004  c_w.l(libinit2.o)
    0x08000242   0x00000000   Code   RO         1246    .ARM.Collect$$libinit$$0000000A  c_w.l(libinit2.o)
    0x08000242   0x00000000   Code   RO         1248    .ARM.Collect$$libinit$$0000000C  c_w.l(libinit2.o)
    0x08000242   0x00000000   Code   RO         1250    .ARM.Collect$$libinit$$0000000E  c_w.l(libinit2.o)
    0x08000242   0x00000006   Code   RO         1251    .ARM.Collect$$libinit$$0000000F  c_w.l(libinit2.o)
    0x08000248   0x00000000   Code   RO         1253    .ARM.Collect$$libinit$$00000011  c_w.l(libinit2.o)
    0x08000248   0x0000000c   Code   RO         1254    .ARM.Collect$$libinit$$00000012  c_w.l(libinit2.o)
    0x08000254   0x00000000   Code   RO         1255    .ARM.Collect$$libinit$$00000013  c_w.l(libinit2.o)
    0x08000254   0x00000000   Code   RO         1257    .ARM.Collect$$libinit$$00000015  c_w.l(libinit2.o)
    0x08000254   0x0000000a   Code   RO         1258    .ARM.Collect$$libinit$$00000016  c_w.l(libinit2.o)
    0x0800025e   0x00000000   Code   RO         1259    .ARM.Collect$$libinit$$00000017  c_w.l(libinit2.o)
    0x0800025e   0x00000000   Code   RO         1261    .ARM.Collect$$libinit$$00000019  c_w.l(libinit2.o)
    0x0800025e   0x00000000   Code   RO         1263    .ARM.Collect$$libinit$$0000001B  c_w.l(libinit2.o)
    0x0800025e   0x00000000   Code   RO         1265    .ARM.Collect$$libinit$$0000001D  c_w.l(libinit2.o)
    0x0800025e   0x00000000   Code   RO         1267    .ARM.Collect$$libinit$$0000001F  c_w.l(libinit2.o)
    0x0800025e   0x00000000   Code   RO         1269    .ARM.Collect$$libinit$$00000021  c_w.l(libinit2.o)
    0x0800025e   0x00000000   Code   RO         1271    .ARM.Collect$$libinit$$00000023  c_w.l(libinit2.o)
    0x0800025e   0x00000000   Code   RO         1273    .ARM.Collect$$libinit$$00000025  c_w.l(libinit2.o)
    0x0800025e   0x00000000   Code   RO         1277    .ARM.Collect$$libinit$$0000002C  c_w.l(libinit2.o)
    0x0800025e   0x00000000   Code   RO         1279    .ARM.Collect$$libinit$$0000002E  c_w.l(libinit2.o)
    0x0800025e   0x00000000   Code   RO         1281    .ARM.Collect$$libinit$$00000030  c_w.l(libinit2.o)
    0x0800025e   0x00000000   Code   RO         1283    .ARM.Collect$$libinit$$00000032  c_w.l(libinit2.o)
    0x0800025e   0x00000002   Code   RO         1284    .ARM.Collect$$libinit$$00000033  c_w.l(libinit2.o)
    0x08000260   0x00000002   Code   RO         1382    .ARM.Collect$$libshutdown$$00000000  c_w.l(libshutdown.o)
    0x08000262   0x00000000   Code   RO         1408    .ARM.Collect$$libshutdown$$00000003  c_w.l(libshutdown2.o)
    0x08000262   0x00000000   Code   RO         1411    .ARM.Collect$$libshutdown$$00000006  c_w.l(libshutdown2.o)
    0x08000262   0x00000000   Code   RO         1414    .ARM.Collect$$libshutdown$$00000009  c_w.l(libshutdown2.o)
    0x08000262   0x00000000   Code   RO         1416    .ARM.Collect$$libshutdown$$0000000B  c_w.l(libshutdown2.o)
    0x08000262   0x00000000   Code   RO         1419    .ARM.Collect$$libshutdown$$0000000E  c_w.l(libshutdown2.o)
    0x08000262   0x00000002   Code   RO         1420    .ARM.Collect$$libshutdown$$0000000F  c_w.l(libshutdown2.o)
    0x08000264   0x00000000   Code   RO         1170    .ARM.Collect$$rtentry$$00000000  c_w.l(__rtentry.o)
    0x08000264   0x00000000   Code   RO         1191    .ARM.Collect$$rtentry$$00000002  c_w.l(__rtentry2.o)
    0x08000264   0x00000006   Code   RO         1203    .ARM.Collect$$rtentry$$00000004  c_w.l(__rtentry4.o)
    0x0800026a   0x00000000   Code   RO         1193    .ARM.Collect$$rtentry$$00000009  c_w.l(__rtentry2.o)
    0x0800026a   0x00000004   Code   RO         1194    .ARM.Collect$$rtentry$$0000000A  c_w.l(__rtentry2.o)
    0x0800026e   0x00000000   Code   RO         1196    .ARM.Collect$$rtentry$$0000000C  c_w.l(__rtentry2.o)
    0x0800026e   0x00000008   Code   RO         1197    .ARM.Collect$$rtentry$$0000000D  c_w.l(__rtentry2.o)
    0x08000276   0x00000002   Code   RO         1285    .ARM.Collect$$rtexit$$00000000  c_w.l(rtexit.o)
    0x08000278   0x00000000   Code   RO         1344    .ARM.Collect$$rtexit$$00000002  c_w.l(rtexit2.o)
    0x08000278   0x00000004   Code   RO         1345    .ARM.Collect$$rtexit$$00000003  c_w.l(rtexit2.o)
    0x0800027c   0x00000006   Code   RO         1346    .ARM.Collect$$rtexit$$00000004  c_w.l(rtexit2.o)
    0x08000282   0x00000002   PAD
    0x08000284   0x000000be   Code   RO          996    .emb_text           port.o
    0x08000342   0x00000002   PAD
    0x08000344   0x00000104   Code   RO            3    .text               main.o
    0x08000448   0x00000014   Code   RO          221    .text               stm32f4xx_it.o
    0x0800045c   0x00000210   Code   RO          270    .text               system_stm32f4xx.o
    0x0800066c   0x0000004c   Code   RO          296    .text               led.o
    0x080006b8   0x0000019c   Code   RO          316    .text               pwm.o
    0x08000854   0x00000044   Code   RO          343    .text               gpio.o
    0x08000898   0x00000224   Code   RO          363    .text               pid.o
    0x08000abc   0x00000482   Code   RO          402    .text               oled.o
    0x08000f3e   0x00000002   PAD
    0x08000f40   0x000000f8   Code   RO          429    .text               dma_user.o
    0x08001038   0x00000220   Code   RO          449    .text               trasonic.o
    0x08001258   0x0000037c   Code   RO          472    .text               pixy.o
    0x080015d4   0x00000100   Code   RO          499    .text               myadc.o
    0x080016d4   0x00000068   Code   RO          523    .text               shot.o
    0x0800173c   0x000000dc   Code   RO          549    .text               delay.o
    0x08001818   0x000009cc   Code   RO          589    .text               usart.o
    0x080021e4   0x00000040   Code   RO          625    .text               startup_stm32f40_41xxx.o
    0x08002224   0x000000e0   Code   RO          631    .text               misc.o
    0x08002304   0x00000294   Code   RO          651    .text               stm32f4xx_gpio.o
    0x08002598   0x00000454   Code   RO          671    .text               stm32f4xx_usart.o
    0x080029ec   0x00000ca2   Code   RO          691    .text               stm32f4xx_tim.o
    0x0800368e   0x00000002   PAD
    0x08003690   0x0000065c   Code   RO          731    .text               stm32f4xx_rcc.o
    0x08003cec   0x000003a8   Code   RO          753    .text               stm32f4xx_dma.o
    0x08004094   0x00000464   Code   RO          793    .text               stm32f4xx_adc.o
    0x080044f8   0x00000094   Code   RO          863    .text               list.o
    0x0800458c   0x00000f18   Code   RO          878    .text               queue.o
    0x080054a4   0x00001944   Code   RO          926    .text               tasks.o
    0x08006de8   0x000005ec   Code   RO          948    .text               timers.o
    0x080073d4   0x0000029c   Code   RO          981    .text               heap_4.o
    0x08007670   0x00000340   Code   RO          997    .text               port.o
    0x080079b0   0x0000005c   Code   RO         1028    .text               led_task.o
    0x08007a0c   0x000006cc   Code   RO         1054    .text               machine.o
    0x080080d8   0x00000478   Code   RO         1091    .text               task_debug.o
    0x08008550   0x00000002   Code   RO         1118    .text               c_w.l(use_no_semi_2.o)
    0x08008552   0x0000008a   Code   RO         1120    .text               c_w.l(rt_memcpy_v6.o)
    0x080085dc   0x00000010   Code   RO         1124    .text               c_w.l(aeabi_memset.o)
    0x080085ec   0x0000004e   Code   RO         1126    .text               c_w.l(rt_memclr_w.o)
    0x0800863a   0x00000006   Code   RO         1128    .text               c_w.l(heapauxi.o)
    0x08008640   0x00000002   Code   RO         1168    .text               c_w.l(use_no_semi.o)
    0x08008642   0x00000016   Code   RO         1171    .text               c_w.l(_rserrno.o)
    0x08008658   0x000000a0   Code   RO         1173    .text               c_w.l(strtod.o)
    0x080086f8   0x00000064   Code   RO         1175    .text               c_w.l(rt_memcpy_w.o)
    0x0800875c   0x00000044   Code   RO         1177    .text               c_w.l(rt_memclr.o)
    0x080087a0   0x00000008   Code   RO         1208    .text               c_w.l(rt_errno_addr_intlibspace.o)
    0x080087a8   0x00000012   Code   RO         1210    .text               c_w.l(isspace.o)
    0x080087ba   0x00000040   Code   RO         1212    .text               c_w.l(_sgetc.o)
    0x080087fa   0x00000002   PAD
    0x080087fc   0x00000008   Code   RO         1219    .text               c_w.l(libspace.o)
    0x08008804   0x0000004a   Code   RO         1222    .text               c_w.l(sys_stackheap_outer.o)
    0x0800884e   0x00000002   PAD
    0x08008850   0x00000010   Code   RO         1224    .text               c_w.l(rt_ctype_table.o)
    0x08008860   0x000004a4   Code   RO         1226    .text               c_w.l(scanf_fp.o)
    0x08008d04   0x0000000c   Code   RO         1230    .text               c_w.l(exit.o)
    0x08008d10   0x00000080   Code   RO         1232    .text               c_w.l(strcmpv7m.o)
    0x08008d90   0x00000008   Code   RO         1290    .text               c_w.l(rt_locale_intlibspace.o)
    0x08008d98   0x000000dc   Code   RO         1292    .text               c_w.l(bigflt0.o)
    0x08008e74   0x00000318   Code   RO         1350    .text               c_w.l(scanf_hexfp.o)
    0x0800918c   0x00000134   Code   RO         1352    .text               c_w.l(scanf_infnan.o)
    0x080092c0   0x00000026   Code   RO         1372    .text               c_w.l(llshl.o)
    0x080092e6   0x0000001c   Code   RO         1374    .text               c_w.l(_chval.o)
    0x08009302   0x00000338   Code   RO         1305    CL$$btod_div_common  c_w.l(btod.o)
    0x0800963a   0x00000002   PAD
    0x0800963c   0x00000054   Code   RO         1303    CL$$btod_e2d        c_w.l(btod.o)
    0x08009690   0x000000c6   Code   RO         1302    CL$$btod_e2e        c_w.l(btod.o)
    0x08009756   0x00000028   Code   RO         1299    CL$$btod_ediv       c_w.l(btod.o)
    0x0800977e   0x00000028   Code   RO         1301    CL$$btod_edivd      c_w.l(btod.o)
    0x080097a6   0x00000028   Code   RO         1298    CL$$btod_emul       c_w.l(btod.o)
    0x080097ce   0x00000028   Code   RO         1300    CL$$btod_emuld      c_w.l(btod.o)
    0x080097f6   0x00000244   Code   RO         1304    CL$$btod_mult_common  c_w.l(btod.o)
    0x08009a3a   0x00000006   PAD
    0x08009a40   0x00000038   Code   RO         1156    i.__hardfp_atof     m_wm.l(atof.o)
    0x08009a78   0x00000014   Code   RO         1162    i.__hardfp_fabs     m_wm.l(fabs.o)
    0x08009a8c   0x00000004   PAD
    0x08009a90   0x000000d0   Code   RO         1383    i.__hardfp_ldexp    m_wm.l(ldexp.o)
    0x08009b60   0x00000020   Code   RO         1427    i.__mathlib_dbl_overflow  m_wm.l(dunder.o)
    0x08009b80   0x00000020   Code   RO         1429    i.__mathlib_dbl_underflow  m_wm.l(dunder.o)
    0x08009ba0   0x000000b8   Code   RO         1336    i.__mathlib_narrow  m_wm.l(narrow.o)
    0x08009c58   0x00000014   Code   RO         1385    i.__support_ldexp   m_wm.l(ldexp.o)
    0x08009c6c   0x0000000e   Code   RO         1228    i._is_digit         c_w.l(scanf_fp.o)
    0x08009c7a   0x00000006   PAD
    0x08009c80   0x0000008c   Code   RO         1364    i.frexp             m_wm.l(frexp.o)
    0x08009d0c   0x0000002c   Code   RO         1215    locale$$code        c_w.l(lc_numeric_c.o)
    0x08009d38   0x0000002c   Code   RO         1318    locale$$code        c_w.l(lc_ctype_c.o)
    0x08009d64   0x00000062   Code   RO         1132    x$fpl$d2f           fz_wm.l(d2f.o)
    0x08009dc6   0x00000002   PAD
    0x08009dc8   0x00000150   Code   RO         1134    x$fpl$dadd          fz_wm.l(daddsub_clz.o)
    0x08009f18   0x00000010   Code   RO         1442    x$fpl$dcheck1       fz_wm.l(dcheck1.o)
    0x08009f28   0x00000018   Code   RO         1179    x$fpl$dcmpinf       fz_wm.l(dcmpi.o)
    0x08009f40   0x000002b0   Code   RO         1141    x$fpl$ddiv          fz_wm.l(ddiv.o)
    0x0800a1f0   0x00000078   Code   RO         1358    x$fpl$deqf          fz_wm.l(deqf.o)
    0x0800a268   0x0000002e   Code   RO         1145    x$fpl$dflt          fz_wm.l(dflt_clz.o)
    0x0800a296   0x00000002   PAD
    0x0800a298   0x00000078   Code   RO         1150    x$fpl$dleqf         fz_wm.l(dleqf.o)
    0x0800a310   0x00000154   Code   RO         1152    x$fpl$dmul          fz_wm.l(dmul.o)
    0x0800a464   0x0000009c   Code   RO         1181    x$fpl$dnaninf       fz_wm.l(dnaninf.o)
    0x0800a500   0x0000000c   Code   RO         1183    x$fpl$dretinf       fz_wm.l(dretinf.o)
    0x0800a50c   0x0000006c   Code   RO         1360    x$fpl$drleqf        fz_wm.l(drleqf.o)
    0x0800a578   0x000001d4   Code   RO         1136    x$fpl$dsub          fz_wm.l(daddsub_clz.o)
    0x0800a74c   0x00000056   Code   RO         1154    x$fpl$f2d           fz_wm.l(f2d.o)
    0x0800a7a2   0x0000008c   Code   RO         1185    x$fpl$fnaninf       fz_wm.l(fnaninf.o)
    0x0800a82e   0x0000000a   Code   RO         1325    x$fpl$fpinit        fz_wm.l(fpinit.o)
    0x0800a838   0x0000000a   Code   RO         1187    x$fpl$fretinf       fz_wm.l(fretinf.o)
    0x0800a842   0x00000064   Code   RO         1448    x$fpl$retnan        fz_wm.l(retnan.o)
    0x0800a8a6   0x0000005c   Code   RO         1421    x$fpl$scalbn        fz_wm.l(scalbn.o)
    0x0800a902   0x00000004   Code   RO         1217    x$fpl$scanf1        fz_wm.l(scanf1.o)
    0x0800a906   0x00000008   Code   RO         1329    x$fpl$scanf2        fz_wm.l(scanf2.o)
    0x0800a90e   0x00000030   Code   RO         1466    x$fpl$trapveneer    fz_wm.l(trapv.o)
    0x0800a93e   0x00000000   Code   RO         1189    x$fpl$usenofp       fz_wm.l(usenofp.o)
    0x0800a93e   0x00000818   Data   RO          403    .constdata          oled.o
    0x0800b156   0x00000002   PAD
    0x0800b158   0x00000094   Data   RO         1293    .constdata          c_w.l(bigflt0.o)
    0x0800b1ec   0x00000020   Data   RO         1468    Region$$Table       anon$$obj.o
    0x0800b20c   0x00000008   Data   RO         1322    c$$dinf             fz_wm.l(fpconst.o)
    0x0800b214   0x0000001c   Data   RO         1214    locale$$data        c_w.l(lc_numeric_c.o)
    0x0800b230   0x00000110   Data   RO         1317    locale$$data        c_w.l(lc_ctype_c.o)


    Execution Region RW_IRAM1 (Base: 0x20000000, Size: 0x00013900, Max: 0x00020000, ABSOLUTE, COMPRESSED[0x00000188])

    Base Addr    Size         Type   Attr      Idx    E Section Name        Object

    0x20000000   0x00000014   Data   RW          271    .data               system_stm32f4xx.o
    0x20000014   0x00000001   Data   RW          317    .data               pwm.o
    0x20000015   0x000001c0   Data   RW          404    .data               oled.o
    0x200001d5   0x00000003   PAD
    0x200001d8   0x00000008   Data   RW          450    .data               trasonic.o
    0x200001e0   0x00000040   Data   RW          474    .data               pixy.o
    0x20000220   0x00000001   Data   RW          524    .data               shot.o
    0x20000221   0x00000003   PAD
    0x20000224   0x00000006   Data   RW          550    .data               delay.o
    0x2000022a   0x00000002   PAD
    0x2000022c   0x00000026   Data   RW          591    .data               usart.o
    0x20000252   0x00000010   Data   RW          732    .data               stm32f4xx_rcc.o
    0x20000262   0x00000002   PAD
    0x20000264   0x0000003c   Data   RW          928    .data               tasks.o
    0x200002a0   0x00000014   Data   RW          950    .data               timers.o
    0x200002b4   0x00000018   Data   RW          983    .data               heap_4.o
    0x200002cc   0x0000000c   Data   RW          998    .data               port.o
    0x200002d8   0x00000004   Data   RW         1029    .data               led_task.o
    0x200002dc   0x00000104   Data   RW         1055    .data               machine.o
    0x200003e0   0x00000025   Data   RW         1093    .data               task_debug.o
    0x20000405   0x00000003   PAD
    0x20000408   0x000000c0   Zero   RW          364    .bss                pid.o
    0x200004c8   0x0000001d   Zero   RW          473    .bss                pixy.o
    0x200004e5   0x00000003   PAD
    0x200004e8   0x00000043   Zero   RW          590    .bss                usart.o
    0x2000052b   0x00000001   PAD
    0x2000052c   0x00000040   Zero   RW          879    .bss                queue.o
    0x2000056c   0x000000c8   Zero   RW          927    .bss                tasks.o
    0x20000634   0x00000028   Zero   RW          949    .bss                timers.o
    0x2000065c   0x00012c00   Zero   RW          982    .bss                heap_4.o
    0x2001325c   0x0000003e   Zero   RW         1092    .bss                task_debug.o
    0x2001329a   0x00000002   PAD
    0x2001329c   0x00000060   Zero   RW         1220    .bss                c_w.l(libspace.o)
    0x200132fc   0x00000004   PAD
    0x20013300   0x00000200   Zero   RW          623    HEAP                startup_stm32f40_41xxx.o
    0x20013500   0x00000400   Zero   RW          622    STACK               startup_stm32f40_41xxx.o


==============================================================================

Image component sizes


      Code (inc. data)   RO Data    RW Data    ZI Data      Debug   Object Name

       220         10          0          6          0       2001   delay.o
       248         10          0          0          0       1508   dma_user.o
         0          0          0          0          0       9448   event_groups.o
        68         14          0          0          0        556   gpio.o
       668         24          0         24      76800       3760   heap_4.o
        76          6          0          0          0        543   led.o
        92         12          0          4          0        783   led_task.o
       148          0          0          0          0       1954   list.o
      1740        200          0        260          0       3458   machine.o
       260         76          0          0          0     318755   main.o
       224         20          0          0          0       1841   misc.o
       256         18          0          0          0       1208   myadc.o
      1154         14       2072        448          0       4761   oled.o
       548         24          0          0        192       3235   pid.o
       892         68          0         64         29       2695   pixy.o
      1022         52          0         12          0       8995   port.o
       412         36          0          1          0       1473   pwm.o
      3864         20          0          0         64      20676   queue.o
       104         16          0          1          0        857   shot.o
        64         26        392          0       1536        848   startup_stm32f40_41xxx.o
      1124         24          0          0          0      10514   stm32f4xx_adc.o
       936         32          0          0          0       6321   stm32f4xx_dma.o
       660         44          0          0          0       4121   stm32f4xx_gpio.o
        20          0          0          0          0        959   stm32f4xx_it.o
      1628         52          0         16          0      12916   stm32f4xx_rcc.o
      3234         60          0          0          0      22324   stm32f4xx_tim.o
      1108         34          0          0          0       7820   stm32f4xx_usart.o
       528         46          0         20          0       1815   system_stm32f4xx.o
      1144         94          0         37         62       3570   task_debug.o
      6468        340          0         60        200      29359   tasks.o
      1516         68          0         20         40      21706   timers.o
       544         32          0          8          0       1710   trasonic.o
      2508        176          0         38         67       6226   usart.o

    ----------------------------------------------------------------------
     33484       1648       2498       1032      78996     518716   Object Totals
         0          0         32          0          0          0   (incl. Generated)
         6          0          2         13          6          0   (incl. Padding)

    ----------------------------------------------------------------------

      Code (inc. data)   RO Data    RW Data    ZI Data      Debug   Library Member Name

        90          0          0          0          0          0   __dczerorl2.o
         8          0          0          0          0         68   __main.o
         0          0          0          0          0          0   __rtentry.o
        12          0          0          0          0          0   __rtentry2.o
         6          0          0          0          0          0   __rtentry4.o
        52          8          0          0          0          0   __scatter.o
        28          0          0          0          0          0   __scatter_zi.o
        28          0          0          0          0         68   _chval.o
        22          0          0          0          0        100   _rserrno.o
        64          0          0          0          0         84   _sgetc.o
        16          0          0          0          0         68   aeabi_memset.o
       220          4        148          0          0         96   bigflt0.o
      1846        132          0          0          0        736   btod.o
        12          0          0          0          0         72   exit.o
         6          0          0          0          0        152   heapauxi.o
        18          0          0          0          0         76   isspace.o
        44         10        272          0          0         76   lc_ctype_c.o
        44         10         28          0          0         76   lc_numeric_c.o
         2          0          0          0          0          0   libinit.o
        34          0          0          0          0          0   libinit2.o
         2          0          0          0          0          0   libshutdown.o
         2          0          0          0          0          0   libshutdown2.o
         8          4          0          0         96         68   libspace.o
        38          0          0          0          0         68   llshl.o
        16          4          0          0          0         76   rt_ctype_table.o
         8          4          0          0          0         68   rt_errno_addr_intlibspace.o
         8          4          0          0          0         68   rt_locale_intlibspace.o
        68          0          0          0          0         68   rt_memclr.o
        78          0          0          0          0         80   rt_memclr_w.o
       138          0          0          0          0         68   rt_memcpy_v6.o
       100          0          0          0          0         80   rt_memcpy_w.o
         2          0          0          0          0          0   rtexit.o
        10          0          0          0          0          0   rtexit2.o
      1202         12          0          0          0        216   scanf_fp.o
       792         14          0          0          0        100   scanf_hexfp.o
       308         16          0          0          0        100   scanf_infnan.o
       128          0          0          0          0         68   strcmpv7m.o
       160         12          0          0          0        120   strtod.o
        74          0          0          0          0         80   sys_stackheap_outer.o
         2          0          0          0          0         68   use_no_semi.o
         2          0          0          0          0         68   use_no_semi_2.o
        98          4          0          0          0        140   d2f.o
       804         16          0          0          0        368   daddsub_clz.o
        16          4          0          0          0        116   dcheck1.o
        24          0          0          0          0        116   dcmpi.o
       688        140          0          0          0        256   ddiv.o
       120          4          0          0          0        140   deqf.o
        46          0          0          0          0        116   dflt_clz.o
       120          4          0          0          0        140   dleqf.o
       340         12          0          0          0        152   dmul.o
       156          4          0          0          0        140   dnaninf.o
        12          0          0          0          0        116   dretinf.o
       108          0          0          0          0        128   drleqf.o
        86          4          0          0          0        132   f2d.o
       140          4          0          0          0        132   fnaninf.o
         0          0          8          0          0          0   fpconst.o
        10          0          0          0          0        116   fpinit.o
        10          0          0          0          0        116   fretinf.o
       100          0          0          0          0        116   retnan.o
        92          0          0          0          0        116   scalbn.o
         4          0          0          0          0        116   scanf1.o
         8          0          0          0          0        132   scanf2.o
        48          0          0          0          0        116   trapv.o
         0          0          0          0          0          0   usenofp.o
        56         12          0          0          0        132   atof.o
        64         16          0          0          0        248   dunder.o
        20          0          0          0          0        124   fabs.o
       140         22          0          0          0        132   frexp.o
       228          8          0          0          0        308   ldexp.o
       184         18          0          0          0        152   narrow.o

    ----------------------------------------------------------------------
      9450        508        456          0        100       7252   Library Totals
        30          2          0          0          4          0   (incl. Padding)

    ----------------------------------------------------------------------

      Code (inc. data)   RO Data    RW Data    ZI Data      Debug   Library Name

      5698        234        448          0         96       3136   c_w.l
      3030        196          8          0          0       3020   fz_wm.l
       692         76          0          0          0       1096   m_wm.l

    ----------------------------------------------------------------------
      9450        508        456          0        100       7252   Library Totals

    ----------------------------------------------------------------------

==============================================================================


      Code (inc. data)   RO Data    RW Data    ZI Data      Debug   

     42934       2156       2954       1032      79096     514752   Grand Totals
     42934       2156       2954        392      79096     514752   ELF Image Totals (compressed)
     42934       2156       2954        392          0          0   ROM Totals

==============================================================================

    Total RO  Size (Code + RO Data)                45888 (  44.81kB)
    Total RW  Size (RW Data + ZI Data)             80128 (  78.25kB)
    Total ROM Size (Code + RO Data + RW Data)      46280 (  45.20kB)

==============================================================================

